Archive member included because of file (symbol)

/home/clefrancois/prog/wii/devkitpro/libogc/lib/wii/libSDL.a(SDL_wii_main.o)
                              /home/clefrancois/prog/wii/devkitpro/devkitPPC/bin/../lib/gcc/powerpc-eabi/4.6.1/../../../../powerpc-eabi/lib/crtmain.o (main)
/home/clefrancois/prog/wii/devkitpro/libogc/lib/wii/libSDL.a(SDL_wiivideo.o)
                              /home/clefrancois/prog/wii/devkitpro/libogc/lib/wii/libSDL.a(SDL_wii_main.o) (WII_InitVideoSystem)
/home/clefrancois/prog/wii/devkitpro/libogc/lib/wii/libSDL.a(SDL.o)
                              /home/clefrancois/prog/wii/devkitpro/libogc/lib/wii/libSDL.a(SDL_wii_main.o) (SDL_Quit)
/home/clefrancois/prog/wii/devkitpro/libogc/lib/wii/libSDL.a(SDL_error.o)
                              /home/clefrancois/prog/wii/devkitpro/libogc/lib/wii/libSDL.a(SDL_wiivideo.o) (SDL_SetError)
/home/clefrancois/prog/wii/devkitpro/libogc/lib/wii/libSDL.a(SDL_fatal.o)
                              /home/clefrancois/prog/wii/devkitpro/libogc/lib/wii/libSDL.a(SDL.o) (SDL_InstallParachute)
/home/clefrancois/prog/wii/devkitpro/libogc/lib/wii/libSDL.a(SDL_audio.o)
                              /home/clefrancois/prog/wii/devkitpro/libogc/lib/wii/libSDL.a(SDL.o) (SDL_AudioQuit)
/home/clefrancois/prog/wii/devkitpro/libogc/lib/wii/libSDL.a(SDL_audiocvt.o)
                              /home/clefrancois/prog/wii/devkitpro/libogc/lib/wii/libSDL.a(SDL_audio.o) (SDL_ConvertAudio)
/home/clefrancois/prog/wii/devkitpro/libogc/lib/wii/libSDL.a(SDL_wiiaudio.o)
                              /home/clefrancois/prog/wii/devkitpro/libogc/lib/wii/libSDL.a(SDL_audio.o) (WIIAUD_bootstrap)
/home/clefrancois/prog/wii/devkitpro/libogc/lib/wii/libSDL.a(SDL_cdrom.o)
                              /home/clefrancois/prog/wii/devkitpro/libogc/lib/wii/libSDL.a(SDL.o) (SDL_CDROMInit)
/home/clefrancois/prog/wii/devkitpro/libogc/lib/wii/libSDL.a(SDL_syscdrom.o)
                              /home/clefrancois/prog/wii/devkitpro/libogc/lib/wii/libSDL.a(SDL_cdrom.o) (SDL_SYS_CDInit)
/home/clefrancois/prog/wii/devkitpro/libogc/lib/wii/libSDL.a(SDL_joystick.o)
                              /home/clefrancois/prog/wii/devkitpro/libogc/lib/wii/libSDL.a(SDL.o) (SDL_JoystickInit)
/home/clefrancois/prog/wii/devkitpro/libogc/lib/wii/libSDL.a(SDL_sysjoystick.o)
                              /home/clefrancois/prog/wii/devkitpro/libogc/lib/wii/libSDL.a(SDL_joystick.o) (SDL_SYS_JoystickInit)
/home/clefrancois/prog/wii/devkitpro/libogc/lib/wii/libSDL.a(SDL_getenv.o)
                              /home/clefrancois/prog/wii/devkitpro/libogc/lib/wii/libSDL.a(SDL.o) (SDL_getenv)
/home/clefrancois/prog/wii/devkitpro/libogc/lib/wii/libSDL.a(SDL_string.o)
                              /home/clefrancois/prog/wii/devkitpro/libogc/lib/wii/libSDL.a(SDL_error.o) (SDL_snprintf)
/home/clefrancois/prog/wii/devkitpro/libogc/lib/wii/libSDL.a(SDL_thread.o)
                              /home/clefrancois/prog/wii/devkitpro/libogc/lib/wii/libSDL.a(SDL_error.o) (SDL_GetErrBuf)
/home/clefrancois/prog/wii/devkitpro/libogc/lib/wii/libSDL.a(SDL_sysmutex.o)
                              /home/clefrancois/prog/wii/devkitpro/libogc/lib/wii/libSDL.a(SDL_wiivideo.o) (SDL_CreateMutex)
/home/clefrancois/prog/wii/devkitpro/libogc/lib/wii/libSDL.a(SDL_syssem.o)
                              /home/clefrancois/prog/wii/devkitpro/libogc/lib/wii/libSDL.a(SDL_thread.o) (SDL_CreateSemaphore)
/home/clefrancois/prog/wii/devkitpro/libogc/lib/wii/libSDL.a(SDL_systhread.o)
                              /home/clefrancois/prog/wii/devkitpro/libogc/lib/wii/libSDL.a(SDL_thread.o) (SDL_SYS_CreateThread)
/home/clefrancois/prog/wii/devkitpro/libogc/lib/wii/libSDL.a(SDL_timer.o)
                              /home/clefrancois/prog/wii/devkitpro/libogc/lib/wii/libSDL.a(SDL.o) (SDL_TimerInit)
/home/clefrancois/prog/wii/devkitpro/libogc/lib/wii/libSDL.a(SDL_systimer.o)
                              /home/clefrancois/prog/wii/devkitpro/libogc/lib/wii/libSDL.a(SDL.o) (SDL_StartTicks)
/home/clefrancois/prog/wii/devkitpro/libogc/lib/wii/libSDL.a(SDL_pixels.o)
                              /home/clefrancois/prog/wii/devkitpro/libogc/lib/wii/libSDL.a(SDL_wiivideo.o) (SDL_ReallocFormat)
/home/clefrancois/prog/wii/devkitpro/libogc/lib/wii/libSDL.a(SDL_RLEaccel.o)
                              /home/clefrancois/prog/wii/devkitpro/libogc/lib/wii/libSDL.a(SDL_pixels.o) (SDL_UnRLESurface)
/home/clefrancois/prog/wii/devkitpro/libogc/lib/wii/libSDL.a(SDL_surface.o)
                              /home/clefrancois/prog/wii/devkitpro/libogc/lib/wii/libSDL.a(SDL_RLEaccel.o) (SDL_FillRect)
/home/clefrancois/prog/wii/devkitpro/libogc/lib/wii/libSDL.a(SDL_video.o)
                              /home/clefrancois/prog/wii/devkitpro/libogc/lib/wii/libSDL.a(SDL_surface.o) (current_video)
/home/clefrancois/prog/wii/devkitpro/libogc/lib/wii/libSDL.a(SDL_wiievents.o)
[...]
Memory Configuration

Name             Origin             Length             Attributes
*default*        0x0000000000000000 0xffffffffffffffff

Linker script and memory map

                0x0000000000003400                . = 0x3400

.stub
 *(.stub)
                0x0000000080004000                . = 0x80004000

.init           0x0000000080004000      0x194
 *crt0.o(*.init)
 .init          0x0000000080004000      0x170 /home/clefrancois/prog/wii/devkitpro/libogc/lib/wii/libogc.a(ogc_crt0.o)
                0x0000000080004000                _start
                0x0000000080004140                _memset
 *(.init)
 .init          0x0000000080004170        0xc /home/clefrancois/prog/wii/devkitpro/devkitPPC/bin/../lib/gcc/powerpc-eabi/4.6.1/ecrti.o
                0x0000000080004170                __init
 .init          0x000000008000417c        0x4 /home/clefrancois/prog/wii/devkitpro/devkitPPC/bin/../lib/gcc/powerpc-eabi/4.6.1/crtbegin.o
 .init          0x0000000080004180        0x4 /home/clefrancois/prog/wii/devkitpro/devkitPPC/bin/../lib/gcc/powerpc-eabi/4.6.1/crtend.o
 .init          0x0000000080004184       0x10 /home/clefrancois/prog/wii/devkitpro/devkitPPC/bin/../lib/gcc/powerpc-eabi/4.6.1/ecrtn.o

.rela.dyn       0x0000000080004194        0x0
 .rela.iplt     0x0000000000000000        0x0 /home/clefrancois/prog/wii/devkitpro/devkitPPC/bin/../lib/gcc/powerpc-eabi/4.6.1/crtbegin.o

.plt
 *(.plt)

.interp
 *(.interp)

.hash
 *(.hash)

.dynsym
 *(.dynsym)

.dynstr
 *(.dynstr)

.gnu.version
 *(.gnu.version)

.gnu.version_d
 *(.gnu.version_d)

.gnu.version_r
 *(.gnu.version_r)

.rel.init
 *(.rel.init)

.rela.init      0x0000000080004194        0x0
 *(.rela.init)
 .rela.init     0x0000000000000000        0x0 /home/clefrancois/prog/wii/devkitpro/devkitPPC/bin/../lib/gcc/powerpc-eabi/4.6.1/crtbegin.o

.rel.text
 *(.rel.text .rel.text.* .rel.gnu.linkonce.t.*)

.rela.text      0x0000000080004194        0x0
 *(.rela.text .rela.text.* .rela.gnu.linkonce.t.*)
 .rela.text     0x0000000000000000        0x0 /home/clefrancois/prog/wii/devkitpro/devkitPPC/bin/../lib/gcc/powerpc-eabi/4.6.1/crtbegin.o
 .rela.text.WII_CreateDevice
                0x0000000000000000        0x0 /home/clefrancois/prog/wii/devkitpro/devkitPPC/bin/../lib/gcc/powerpc-eabi/4.6.1/crtbegin.o
 .rela.text.WII_UpdateRect
                0x0000000000000000        0x0 /home/clefrancois/prog/wii/devkitpro/devkitPPC/bin/../lib/gcc/powerpc-eabi/4.6.1/crtbegin.o
 .rela.text.flip_thread
                0x0000000000000000        0x0 /home/clefrancois/prog/wii/devkitpro/devkitPPC/bin/../lib/gcc/powerpc-eabi/4.6.1/crtbegin.o
 .rela.text.WII_InitVideoSystem
                0x0000000000000000        0x0 /home/clefrancois/prog/wii/devkitpro/devkitPPC/bin/../lib/gcc/powerpc-eabi/4.6.1/crtbegin.o
 .rela.text.SDL_AudioInit
                0x0000000000000000        0x0 /home/clefrancois/prog/wii/devkitpro/devkitPPC/bin/../lib/gcc/powerpc-eabi/4.6.1/crtbegin.o
 .rela.text.SDL_CDROMInit
                0x0000000000000000        0x0 /home/clefrancois/prog/wii/devkitpro/devkitPPC/bin/../lib/gcc/powerpc-eabi/4.6.1/crtbegin.o
 .rela.text.SDL_CDNumDrives
                0x0000000000000000        0x0 /home/clefrancois/prog/wii/devkitpro/devkitPPC/bin/../lib/gcc/powerpc-eabi/4.6.1/crtbegin.o
 .rela.text.SDL_CDName
                0x0000000000000000        0x0 /home/clefrancois/prog/wii/devkitpro/devkitPPC/bin/../lib/gcc/powerpc-eabi/4.6.1/crtbegin.o
 .rela.text.SDL_CDOpen
                0x0000000000000000        0x0 /home/clefrancois/prog/wii/devkitpro/devkitPPC/bin/../lib/gcc/powerpc-eabi/4.6.1/crtbegin.o
 .rela.text.SDL_PrivateJoystickAxis
                0x0000000000000000        0x0 /home/clefrancois/prog/wii/devkitpro/devkitPPC/bin/../lib/gcc/powerpc-eabi/4.6.1/crtbegin.o
 .rela.text.SDL_PrivateJoystickHat
                0x0000000000000000        0x0 /home/clefrancois/prog/wii/devkitpro/devkitPPC/bin/../lib/gcc/powerpc-eabi/4.6.1/crtbegin.o
 .rela.text.SDL_PrivateJoystickBall
                0x0000000000000000        0x0 /home/clefrancois/prog/wii/devkitpro/devkitPPC/bin/../lib/gcc/powerpc-eabi/4.6.1/crtbegin.o
 .rela.text.SDL_PrivateJoystickButton
                0x0000000000000000        0x0 /home/clefrancois/prog/wii/devkitpro/devkitPPC/bin/../lib/gcc/powerpc-eabi/4.6.1/crtbegin.o
 .rela.text.SDL_strupr
                0x0000000000000000        0x0 /home/clefrancois/prog/wii/devkitpro/devkitPPC/bin/../lib/gcc/powerpc-eabi/4.6.1/crtbegin.o
 .rela.text.SDL_strlwr
                0x0000000000000000        0x0 /home/clefrancois/prog/wii/devkitpro/devkitPPC/bin/../lib/gcc/powerpc-eabi/4.6.1/crtbegin.o
 .rela.text.SDL_vsnprintf
                0x0000000000000000        0x0 /home/clefrancois/prog/wii/devkitpro/devkitPPC/bin/../lib/gcc/powerpc-eabi/4.6.1/crtbegin.o
 .rela.text.SDL_SetTimer
                0x0000000000000000        0x0 /home/clefrancois/prog/wii/devkitpro/devkitPPC/bin/../lib/gcc/powerpc-eabi/4.6.1/crtbegin.o
 .rela.text.SDL_FreeSurface.part.3
                0x0000000000000000        0x0 /home/clefrancois/prog/wii/devkitpro/devkitPPC/bin/../lib/gcc/powerpc-eabi/4.6.1/crtbegin.o
 .rela.text.SDL_SetColorKey
                0x0000000000000000        0x0 /home/clefrancois/prog/wii/devkitpro/devkitPPC/bin/../lib/gcc/powerpc-eabi/4.6.1/crtbegin.o
 .rela.text.SDL_SetAlpha
                0x0000000000000000        0x0 /home/clefrancois/prog/wii/devkitpro/devkitPPC/bin/../lib/gcc/powerpc-eabi/4.6.1/crtbegin.o
 .rela.text.SDL_SetAlphaChannel
                0x0000000000000000        0x0 /home/clefrancois/prog/wii/devkitpro/devkitPPC/bin/../lib/gcc/powerpc-eabi/4.6.1/crtbegin.o
 .rela.text.SDL_LowerBlit
                0x0000000000000000        0x0 /home/clefrancois/prog/wii/devkitpro/devkitPPC/bin/../lib/gcc/powerpc-eabi/4.6.1/crtbegin.o
 .rela.text.SDL_FillRect
                0x0000000000000000        0x0 /home/clefrancois/prog/wii/devkitpro/devkitPPC/bin/../lib/gcc/powerpc-eabi/4.6.1/crtbegin.o
 .rela.text.SDL_LockSurface
                0x0000000000000000        0x0 /home/clefrancois/prog/wii/devkitpro/devkitPPC/bin/../lib/gcc/powerpc-eabi/4.6.1/crtbegin.o
 .rela.text.SDL_UnlockSurface
                0x0000000000000000        0x0 /home/clefrancois/prog/wii/devkitpro/devkitPPC/bin/../lib/gcc/powerpc-eabi/4.6.1/crtbegin.o
 .rela.text.SDL_FreeSurface
                0x0000000000000000        0x0 /home/clefrancois/prog/wii/devkitpro/devkitPPC/bin/../lib/gcc/powerpc-eabi/4.6.1/crtbegin.o
 .rela.text.SDL_CreateRGBSurface
                0x0000000000000000        0x0 /home/clefrancois/prog/wii/devkitpro/devkitPPC/bin/../lib/gcc/powerpc-eabi/4.6.1/crtbegin.o
 .rela.text.SDL_UpdateRects.constprop.3
                0x0000000000000000        0x0 /home/clefrancois/prog/wii/devkitpro/devkitPPC/bin/../lib/gcc/powerpc-eabi/4.6.1/crtbegin.o
 .rela.text.SDL_UpdateRects
                0x0000000000000000        0x0 /home/clefrancois/prog/wii/devkitpro/devkitPPC/bin/../lib/gcc/powerpc-eabi/4.6.1/crtbegin.o
 .rela.text.SDL_Flip
                0x0000000000000000        0x0 /home/clefrancois/prog/wii/devkitpro/devkitPPC/bin/../lib/gcc/powerpc-eabi/4.6.1/crtbegin.o
 .rela.text.SDL_SetVideoMode
                0x0000000000000000        0x0 /home/clefrancois/prog/wii/devkitpro/devkitPPC/bin/../lib/gcc/powerpc-eabi/4.6.1/crtbegin.o
 .rela.text.SDL_StartEventLoop
                0x0000000000000000        0x0 /home/clefrancois/prog/wii/devkitpro/devkitPPC/bin/../lib/gcc/powerpc-eabi/4.6.1/crtbegin.o
 .rela.text.SDL_EventState
                0x0000000000000000        0x0 /home/clefrancois/prog/wii/devkitpro/devkitPPC/bin/../lib/gcc/powerpc-eabi/4.6.1/crtbegin.o
 .rela.text.SDL_PrivateSysWMEvent
                0x0000000000000000        0x0 /home/clefrancois/prog/wii/devkitpro/devkitPPC/bin/../lib/gcc/powerpc-eabi/4.6.1/crtbegin.o
 .rela.text.SDL_KeyboardInit
                0x0000000000000000        0x0 /home/clefrancois/prog/wii/devkitpro/devkitPPC/bin/../lib/gcc/powerpc-eabi/4.6.1/crtbegin.o
 .rela.text.SDL_ResetKeyboard
                0x0000000000000000        0x0 /home/clefrancois/prog/wii/devkitpro/devkitPPC/bin/../lib/gcc/powerpc-eabi/4.6.1/crtbegin.o
 .rela.text.SDL_PrivateKeyboard
                0x0000000000000000        0x0 /home/clefrancois/prog/wii/devkitpro/devkitPPC/bin/../lib/gcc/powerpc-eabi/4.6.1/crtbegin.o
 .rela.text.SDL_CheckKeyRepeat
                0x0000000000000000        0x0 /home/clefrancois/prog/wii/devkitpro/devkitPPC/bin/../lib/gcc/powerpc-eabi/4.6.1/crtbegin.o
 .rela.text.SDL_EnableKeyRepeat
                0x0000000000000000        0x0 /home/clefrancois/prog/wii/devkitpro/devkitPPC/bin/../lib/gcc/powerpc-eabi/4.6.1/crtbegin.o
 .rela.text.SDL_GetKeyRepeat
                0x0000000000000000        0x0 /home/clefrancois/prog/wii/devkitpro/devkitPPC/bin/../lib/gcc/powerpc-eabi/4.6.1/crtbegin.o
 .rela.text.SDL_ResetMouse
                0x0000000000000000        0x0 /home/clefrancois/prog/wii/devkitpro/devkitPPC/bin/../lib/gcc/powerpc-eabi/4.6.1/crtbegin.o
 .rela.text.SDL_PrivateMouseMotion
                0x0000000000000000        0x0 /home/clefrancois/prog/wii/devkitpro/devkitPPC/bin/../lib/gcc/powerpc-eabi/4.6.1/crtbegin.o
 .rela.text.SDL_PrivateMouseButton
                0x0000000000000000        0x0 /home/clefrancois/prog/wii/devkitpro/devkitPPC/bin/../lib/gcc/powerpc-eabi/4.6.1/crtbegin.o
 .rela.text.SDL_HandleSIG
                0x0000000000000000        0x0 /home/clefrancois/prog/wii/devkitpro/devkitPPC/bin/../lib/gcc/powerpc-eabi/4.6.1/crtbegin.o
 .rela.text.SDL_PrivateQuit
                0x0000000000000000        0x0 /home/clefrancois/prog/wii/devkitpro/devkitPPC/bin/../lib/gcc/powerpc-eabi/4.6.1/crtbegin.o
 .rela.text.SDL_PrivateResize
                0x0000000000000000        0x0 /home/clefrancois/prog/wii/devkitpro/devkitPPC/bin/../lib/gcc/powerpc-eabi/4.6.1/crtbegin.o
 .rela.text.SDL_PrivateAppActive
                0x0000000000000000        0x0 /home/clefrancois/prog/wii/devkitpro/devkitPPC/bin/../lib/gcc/powerpc-eabi/4.6.1/crtbegin.o
 .rela.text.wiiuse_handshake_expansion
                0x0000000000000000        0x0 /home/clefrancois/prog/wii/devkitpro/devkitPPC/bin/../lib/gcc/powerpc-eabi/4.6.1/crtbegin.o
 .rela.text.wiiuse_handshake
                0x0000000000000000        0x0 /home/clefrancois/prog/wii/devkitpro/devkitPPC/bin/../lib/gcc/powerpc-eabi/4.6.1/crtbegin.o
 .rela.text.wiiuse_init_cmd_queue
                0x0000000000000000        0x0 /home/clefrancois/prog/wii/devkitpro/devkitPPC/bin/../lib/gcc/powerpc-eabi/4.6.1/crtbegin.o
 .rela.text.wiiuse_init
                0x0000000000000000        0x0 /home/clefrancois/prog/wii/devkitpro/devkitPPC/bin/../lib/gcc/powerpc-eabi/4.6.1/crtbegin.o
 .rela.text.bt_alarmhandler
                0x0000000000000000        0x0 /home/clefrancois/prog/wii/devkitpro/devkitPPC/bin/../lib/gcc/powerpc-eabi/4.6.1/crtbegin.o
 .rela.text.__console_init
                0x0000000000000000        0x0 /home/clefrancois/prog/wii/devkitpro/devkitPPC/bin/../lib/gcc/powerpc-eabi/4.6.1/crtbegin.o
 .rela.text.__console_init_ex
                0x0000000000000000        0x0 /home/clefrancois/prog/wii/devkitpro/devkitPPC/bin/../lib/gcc/powerpc-eabi/4.6.1/crtbegin.o
 .rela.text.CON_EnableGecko
                0x0000000000000000        0x0 /home/clefrancois/prog/wii/devkitpro/devkitPPC/bin/../lib/gcc/powerpc-eabi/4.6.1/crtbegin.o
 .rela.text.__lwp_thread_calcheir
                0x0000000000000000        0x0 /home/clefrancois/prog/wii/devkitpro/devkitPPC/bin/../lib/gcc/powerpc-eabi/4.6.1/crtbegin.o
 .rela.text.__lwp_wd_insert_ticks.constprop.4
                0x0000000000000000        0x0 /home/clefrancois/prog/wii/devkitpro/devkitPPC/bin/../lib/gcc/powerpc-eabi/4.6.1/crtbegin.o
 .rela.text.__lwp_rotate_readyqueue
                0x0000000000000000        0x0 /home/clefrancois/prog/wii/devkitpro/devkitPPC/bin/../lib/gcc/powerpc-eabi/4.6.1/crtbegin.o
 .rela.text.__lwp_thread_setpriority
                0x0000000000000000        0x0 /home/clefrancois/prog/wii/devkitpro/devkitPPC/bin/../lib/gcc/powerpc-eabi/4.6.1/crtbegin.o
 .rela.text.__lwp_thread_close
                0x0000000000000000        0x0 /home/clefrancois/prog/wii/devkitpro/devkitPPC/bin/../lib/gcc/powerpc-eabi/4.6.1/crtbegin.o
 .rela.text.__lwp_thread_closeall
                0x0000000000000000        0x0 /home/clefrancois/prog/wii/devkitpro/devkitPPC/bin/../lib/gcc/powerpc-eabi/4.6.1/crtbegin.o
 .rela.text.__lwp_thread_startmultitasking
                0x0000000000000000        0x0 /home/clefrancois/prog/wii/devkitpro/devkitPPC/bin/../lib/gcc/powerpc-eabi/4.6.1/crtbegin.o
 .rela.text.__lwp_thread_stopmultitasking
                0x0000000000000000        0x0 /home/clefrancois/prog/wii/devkitpro/devkitPPC/bin/../lib/gcc/powerpc-eabi/4.6.1/crtbegin.o
 .rela.text.__lwp_thread_coreinit
                0x0000000000000000        0x0 /home/clefrancois/prog/wii/devkitpro/devkitPPC/bin/../lib/gcc/powerpc-eabi/4.6.1/crtbegin.o
 .rela.text.__lwp_cntrl_free
                0x0000000000000000        0x0 /home/clefrancois/prog/wii/devkitpro/devkitPPC/bin/../lib/gcc/powerpc-eabi/4.6.1/crtbegin.o
 .rela.text.__lwp_tqueue_open
                0x0000000000000000        0x0 /home/clefrancois/prog/wii/devkitpro/devkitPPC/bin/../lib/gcc/powerpc-eabi/4.6.1/crtbegin.o
 .rela.text.__lwp_cntrl_open
                0x0000000000000000        0x0 /home/clefrancois/prog/wii/devkitpro/devkitPPC/bin/../lib/gcc/powerpc-eabi/4.6.1/crtbegin.o
 .rela.text.__lwp_sysinit
                0x0000000000000000        0x0 /home/clefrancois/prog/wii/devkitpro/devkitPPC/bin/../lib/gcc/powerpc-eabi/4.6.1/crtbegin.o
 .rela.text.__lwp_thread_isalive
                0x0000000000000000        0x0 /home/clefrancois/prog/wii/devkitpro/devkitPPC/bin/../lib/gcc/powerpc-eabi/4.6.1/crtbegin.o
 .rela.text.__lwp_thread_exists
                0x0000000000000000        0x0 /home/clefrancois/prog/wii/devkitpro/devkitPPC/bin/../lib/gcc/powerpc-eabi/4.6.1/crtbegin.o
 .rela.text.__lwp_thread_context
                0x0000000000000000        0x0 /home/clefrancois/prog/wii/devkitpro/devkitPPC/bin/../lib/gcc/powerpc-eabi/4.6.1/crtbegin.o
 .rela.text.LWP_CreateThread
                0x0000000000000000        0x0 /home/clefrancois/prog/wii/devkitpro/devkitPPC/bin/../lib/gcc/powerpc-eabi/4.6.1/crtbegin.o
 .rela.text.LWP_InitQueue
                0x0000000000000000        0x0 /home/clefrancois/prog/wii/devkitpro/devkitPPC/bin/../lib/gcc/powerpc-eabi/4.6.1/crtbegin.o
 .rela.text.LWP_CloseQueue
                0x0000000000000000        0x0 /home/clefrancois/prog/wii/devkitpro/devkitPPC/bin/../lib/gcc/powerpc-eabi/4.6.1/crtbegin.o
 .rela.text.__lwp_stack_allocate
                0x0000000000000000        0x0 /home/clefrancois/prog/wii/devkitpro/devkitPPC/bin/../lib/gcc/powerpc-eabi/4.6.1/crtbegin.o
 .rela.text.__lwp_stack_free
                0x0000000000000000        0x0 /home/clefrancois/prog/wii/devkitpro/devkitPPC/bin/../lib/gcc/powerpc-eabi/4.6.1/crtbegin.o
 .rela.text.__lwp_watchdog_init
                0x0000000000000000        0x0 /home/clefrancois/prog/wii/devkitpro/devkitPPC/bin/../lib/gcc/powerpc-eabi/4.6.1/crtbegin.o
 .rela.text.__lwp_wd_tickle
                0x0000000000000000        0x0 /home/clefrancois/prog/wii/devkitpro/devkitPPC/bin/../lib/gcc/powerpc-eabi/4.6.1/crtbegin.o
 .rela.text.__lwp_wkspace_heapfree
                0x0000000000000000        0x0 /home/clefrancois/prog/wii/devkitpro/devkitPPC/bin/../lib/gcc/powerpc-eabi/4.6.1/crtbegin.o
 .rela.text.__lwp_wkspace_heapused
                0x0000000000000000        0x0 /home/clefrancois/prog/wii/devkitpro/devkitPPC/bin/../lib/gcc/powerpc-eabi/4.6.1/crtbegin.o
 .rela.text.__lwp_wkspace_init
                0x0000000000000000        0x0 /home/clefrancois/prog/wii/devkitpro/devkitPPC/bin/../lib/gcc/powerpc-eabi/4.6.1/crtbegin.o
 .rela.text.__lwp_objmgr_initinfo
                0x0000000000000000        0x0 /home/clefrancois/prog/wii/devkitpro/devkitPPC/bin/../lib/gcc/powerpc-eabi/4.6.1/crtbegin.o
 .rela.text.__irq_init
                0x0000000000000000        0x0 /home/clefrancois/prog/wii/devkitpro/devkitPPC/bin/../lib/gcc/powerpc-eabi/4.6.1/crtbegin.o
 .rela.text.__lwp_mutex_locksupp.constprop.7
                0x0000000000000000        0x0 /home/clefrancois/prog/wii/devkitpro/devkitPPC/bin/../lib/gcc/powerpc-eabi/4.6.1/crtbegin.o
 .rela.text.__lwp_mutex_init
                0x0000000000000000        0x0 /home/clefrancois/prog/wii/devkitpro/devkitPPC/bin/../lib/gcc/powerpc-eabi/4.6.1/crtbegin.o
 .rela.text.LWP_MutexInit
                0x0000000000000000        0x0 /home/clefrancois/prog/wii/devkitpro/devkitPPC/bin/../lib/gcc/powerpc-eabi/4.6.1/crtbegin.o
 .rela.text.LWP_MutexDestroy
                0x0000000000000000        0x0 /home/clefrancois/prog/wii/devkitpro/devkitPPC/bin/../lib/gcc/powerpc-eabi/4.6.1/crtbegin.o
 .rela.text.LWP_MutexUnlock
                0x0000000000000000        0x0 /home/clefrancois/prog/wii/devkitpro/devkitPPC/bin/../lib/gcc/powerpc-eabi/4.6.1/crtbegin.o
 .rela.text.__call_resetfuncs
                0x0000000000000000        0x0 /home/clefrancois/prog/wii/devkitpro/devkitPPC/bin/../lib/gcc/powerpc-eabi/4.6.1/crtbegin.o
 .rela.text.__locksram
                0x0000000000000000        0x0 /home/clefrancois/prog/wii/devkitpro/devkitPPC/bin/../lib/gcc/powerpc-eabi/4.6.1/crtbegin.o
 .rela.text.__lwp_wd_insert_ticks
                0x0000000000000000        0x0 /home/clefrancois/prog/wii/devkitpro/devkitPPC/bin/../lib/gcc/powerpc-eabi/4.6.1/crtbegin.o
 .rela.text.__unlocksram
                0x0000000000000000        0x0 /home/clefrancois/prog/wii/devkitpro/devkitPPC/bin/../lib/gcc/powerpc-eabi/4.6.1/crtbegin.o
 .rela.text.__sram_writecallback
                0x0000000000000000        0x0 /home/clefrancois/prog/wii/devkitpro/devkitPPC/bin/../lib/gcc/powerpc-eabi/4.6.1/crtbegin.o
 .rela.text.__sram_init
                0x0000000000000000        0x0 /home/clefrancois/prog/wii/devkitpro/devkitPPC/bin/../lib/gcc/powerpc-eabi/4.6.1/crtbegin.o
 .rela.text.__SYS_SyncSram
                0x0000000000000000        0x0 /home/clefrancois/prog/wii/devkitpro/devkitPPC/bin/../lib/gcc/powerpc-eabi/4.6.1/crtbegin.o
 .rela.text.SYS_Init
                0x0000000000000000        0x0 /home/clefrancois/prog/wii/devkitpro/devkitPPC/bin/../lib/gcc/powerpc-eabi/4.6.1/crtbegin.o
 .rela.text.SYS_RemoveAlarm
                0x0000000000000000        0x0 /home/clefrancois/prog/wii/devkitpro/devkitPPC/bin/../lib/gcc/powerpc-eabi/4.6.1/crtbegin.o
 .rela.text.SYS_CancelAlarm
                0x0000000000000000        0x0 /home/clefrancois/prog/wii/devkitpro/devkitPPC/bin/../lib/gcc/powerpc-eabi/4.6.1/crtbegin.o
 .rela.text.__lwp_cond_open
                0x0000000000000000        0x0 /home/clefrancois/prog/wii/devkitpro/devkitPPC/bin/../lib/gcc/powerpc-eabi/4.6.1/crtbegin.o
 .rela.text.__lwp_cond_init
                0x0000000000000000        0x0 /home/clefrancois/prog/wii/devkitpro/devkitPPC/bin/../lib/gcc/powerpc-eabi/4.6.1/crtbegin.o
 .rela.text.LWP_CondInit
                0x0000000000000000        0x0 /home/clefrancois/prog/wii/devkitpro/devkitPPC/bin/../lib/gcc/powerpc-eabi/4.6.1/crtbegin.o
 .rela.text.LWP_CondDestroy
                0x0000000000000000        0x0 /home/clefrancois/prog/wii/devkitpro/devkitPPC/bin/../lib/gcc/powerpc-eabi/4.6.1/crtbegin.o
 .rela.text.__GX_FifoLink
                0x0000000000000000        0x0 /home/clefrancois/prog/wii/devkitpro/devkitPPC/bin/../lib/gcc/powerpc-eabi/4.6.1/crtbegin.o
 .rela.text.__GX_WriteFifoIntEnable
                0x0000000000000000        0x0 /home/clefrancois/prog/wii/devkitpro/devkitPPC/bin/../lib/gcc/powerpc-eabi/4.6.1/crtbegin.o
 .rela.text.__GX_FifoReadEnable
                0x0000000000000000        0x0 /home/clefrancois/prog/wii/devkitpro/devkitPPC/bin/../lib/gcc/powerpc-eabi/4.6.1/crtbegin.o
 .rela.text.__GX_FifoReadDisable
                0x0000000000000000        0x0 /home/clefrancois/prog/wii/devkitpro/devkitPPC/bin/../lib/gcc/powerpc-eabi/4.6.1/crtbegin.o
 .rela.text.__GX_InitRevBits
                0x0000000000000000        0x0 /home/clefrancois/prog/wii/devkitpro/devkitPPC/bin/../lib/gcc/powerpc-eabi/4.6.1/crtbegin.o
 .rela.text.__GXDefTexRegionCallback
                0x0000000000000000        0x0 /home/clefrancois/prog/wii/devkitpro/devkitPPC/bin/../lib/gcc/powerpc-eabi/4.6.1/crtbegin.o
 .rela.text.__GXDefTlutRegionCallback
                0x0000000000000000        0x0 /home/clefrancois/prog/wii/devkitpro/devkitPPC/bin/../lib/gcc/powerpc-eabi/4.6.1/crtbegin.o
 .rela.text.__GX_FlushTextureState
                0x0000000000000000        0x0 /home/clefrancois/prog/wii/devkitpro/devkitPPC/bin/../lib/gcc/powerpc-eabi/4.6.1/crtbegin.o
 .rela.text.__SetSURegs
                0x0000000000000000        0x0 /home/clefrancois/prog/wii/devkitpro/devkitPPC/bin/../lib/gcc/powerpc-eabi/4.6.1/crtbegin.o
 .rela.text.__SETVCDFMT
                0x0000000000000000        0x0 /home/clefrancois/prog/wii/devkitpro/devkitPPC/bin/../lib/gcc/powerpc-eabi/4.6.1/crtbegin.o
 .rela.text.__GX_SetMatrixIndex
                0x0000000000000000        0x0 /home/clefrancois/prog/wii/devkitpro/devkitPPC/bin/../lib/gcc/powerpc-eabi/4.6.1/crtbegin.o
 .rela.text.__GX_SetDirtyState
                0x0000000000000000        0x0 /home/clefrancois/prog/wii/devkitpro/devkitPPC/bin/../lib/gcc/powerpc-eabi/4.6.1/crtbegin.o
 .rela.text.__SETVCDATTR
                0x0000000000000000        0x0 /home/clefrancois/prog/wii/devkitpro/devkitPPC/bin/../lib/gcc/powerpc-eabi/4.6.1/crtbegin.o
 .rela.text.__GX_WriteFifoIntReset.constprop.6
                0x0000000000000000        0x0 /home/clefrancois/prog/wii/devkitpro/devkitPPC/bin/../lib/gcc/powerpc-eabi/4.6.1/crtbegin.o
 .rela.text.__GXCPInterruptHandler
                0x0000000000000000        0x0 /home/clefrancois/prog/wii/devkitpro/devkitPPC/bin/../lib/gcc/powerpc-eabi/4.6.1/crtbegin.o
 .rela.text.GX_Flush
                0x0000000000000000        0x0 /home/clefrancois/prog/wii/devkitpro/devkitPPC/bin/../lib/gcc/powerpc-eabi/4.6.1/crtbegin.o
 .rela.text.GX_EnableBreakPt
                0x0000000000000000        0x0 /home/clefrancois/prog/wii/devkitpro/devkitPPC/bin/../lib/gcc/powerpc-eabi/4.6.1/crtbegin.o
 .rela.text.GX_DisableBreakPt
                0x0000000000000000        0x0 /home/clefrancois/prog/wii/devkitpro/devkitPPC/bin/../lib/gcc/powerpc-eabi/4.6.1/crtbegin.o
 .rela.text.GX_AbortFrame
                0x0000000000000000        0x0 /home/clefrancois/prog/wii/devkitpro/devkitPPC/bin/../lib/gcc/powerpc-eabi/4.6.1/crtbegin.o
 .rela.text.GX_PixModeSync
                0x0000000000000000        0x0 /home/clefrancois/prog/wii/devkitpro/devkitPPC/bin/../lib/gcc/powerpc-eabi/4.6.1/crtbegin.o
 .rela.text.GX_SetMisc
                0x0000000000000000        0x0 /home/clefrancois/prog/wii/devkitpro/devkitPPC/bin/../lib/gcc/powerpc-eabi/4.6.1/crtbegin.o
 .rela.text.GX_SetCopyClamp
                0x0000000000000000        0x0 /home/clefrancois/prog/wii/devkitpro/devkitPPC/bin/../lib/gcc/powerpc-eabi/4.6.1/crtbegin.o
 .rela.text.GX_SetDispCopyGamma
                0x0000000000000000        0x0 /home/clefrancois/prog/wii/devkitpro/devkitPPC/bin/../lib/gcc/powerpc-eabi/4.6.1/crtbegin.o
 .rela.text.GX_SetDispCopyFrame2Field
                0x0000000000000000        0x0 /home/clefrancois/prog/wii/devkitpro/devkitPPC/bin/../lib/gcc/powerpc-eabi/4.6.1/crtbegin.o
 .rela.text.GX_SetDispCopyYScale
                0x0000000000000000        0x0 /home/clefrancois/prog/wii/devkitpro/devkitPPC/bin/../lib/gcc/powerpc-eabi/4.6.1/crtbegin.o
 .rela.text.GX_SetDispCopyDst
                0x0000000000000000        0x0 /home/clefrancois/prog/wii/devkitpro/devkitPPC/bin/../lib/gcc/powerpc-eabi/4.6.1/crtbegin.o
 .rela.text.GX_SetDispCopySrc
                0x0000000000000000        0x0 /home/clefrancois/prog/wii/devkitpro/devkitPPC/bin/../lib/gcc/powerpc-eabi/4.6.1/crtbegin.o
 .rela.text.GX_CopyDisp
                0x0000000000000000        0x0 /home/clefrancois/prog/wii/devkitpro/devkitPPC/bin/../lib/gcc/powerpc-eabi/4.6.1/crtbegin.o
 .rela.text.GX_CopyTex
                0x0000000000000000        0x0 /home/clefrancois/prog/wii/devkitpro/devkitPPC/bin/../lib/gcc/powerpc-eabi/4.6.1/crtbegin.o
 .rela.text.GX_SetTexCopySrc
                0x0000000000000000        0x0 /home/clefrancois/prog/wii/devkitpro/devkitPPC/bin/../lib/gcc/powerpc-eabi/4.6.1/crtbegin.o
 .rela.text.GX_SetTexCopyDst
                0x0000000000000000        0x0 /home/clefrancois/prog/wii/devkitpro/devkitPPC/bin/../lib/gcc/powerpc-eabi/4.6.1/crtbegin.o
 .rela.text.GX_BeginDispList
                0x0000000000000000        0x0 /home/clefrancois/prog/wii/devkitpro/devkitPPC/bin/../lib/gcc/powerpc-eabi/4.6.1/crtbegin.o
 .rela.text.GX_EndDispList
                0x0000000000000000        0x0 /home/clefrancois/prog/wii/devkitpro/devkitPPC/bin/../lib/gcc/powerpc-eabi/4.6.1/crtbegin.o
 .rela.text.GX_CallDispList
                0x0000000000000000        0x0 /home/clefrancois/prog/wii/devkitpro/devkitPPC/bin/../lib/gcc/powerpc-eabi/4.6.1/crtbegin.o
 .rela.text.GX_SetChanCtrl
                0x0000000000000000        0x0 /home/clefrancois/prog/wii/devkitpro/devkitPPC/bin/../lib/gcc/powerpc-eabi/4.6.1/crtbegin.o
 .rela.text.GX_SetChanAmbColor
                0x0000000000000000        0x0 /home/clefrancois/prog/wii/devkitpro/devkitPPC/bin/../lib/gcc/powerpc-eabi/4.6.1/crtbegin.o
 .rela.text.GX_SetChanMatColor
                0x0000000000000000        0x0 /home/clefrancois/prog/wii/devkitpro/devkitPPC/bin/../lib/gcc/powerpc-eabi/4.6.1/crtbegin.o
 .rela.text.GX_SetVtxDesc
                0x0000000000000000        0x0 /home/clefrancois/prog/wii/devkitpro/devkitPPC/bin/../lib/gcc/powerpc-eabi/4.6.1/crtbegin.o
 .rela.text.GX_SetVtxDescv
                0x0000000000000000        0x0 /home/clefrancois/prog/wii/devkitpro/devkitPPC/bin/../lib/gcc/powerpc-eabi/4.6.1/crtbegin.o
 .rela.text.GX_GetVtxDescv
                0x0000000000000000        0x0 /home/clefrancois/prog/wii/devkitpro/devkitPPC/bin/../lib/gcc/powerpc-eabi/4.6.1/crtbegin.o
 .rela.text.GX_SetVtxAttrFmt
                0x0000000000000000        0x0 /home/clefrancois/prog/wii/devkitpro/devkitPPC/bin/../lib/gcc/powerpc-eabi/4.6.1/crtbegin.o
 .rela.text.GX_SetVtxAttrFmtv
                0x0000000000000000        0x0 /home/clefrancois/prog/wii/devkitpro/devkitPPC/bin/../lib/gcc/powerpc-eabi/4.6.1/crtbegin.o
 .rela.text.GX_Begin
                0x0000000000000000        0x0 /home/clefrancois/prog/wii/devkitpro/devkitPPC/bin/../lib/gcc/powerpc-eabi/4.6.1/crtbegin.o
 .rela.text.GX_SetTexCoordGen2
                0x0000000000000000        0x0 /home/clefrancois/prog/wii/devkitpro/devkitPPC/bin/../lib/gcc/powerpc-eabi/4.6.1/crtbegin.o
 .rela.text.GX_SetCurrentMtx
                0x0000000000000000        0x0 /home/clefrancois/prog/wii/devkitpro/devkitPPC/bin/../lib/gcc/powerpc-eabi/4.6.1/crtbegin.o
 .rela.text.GX_SetNumTexGens
                0x0000000000000000        0x0 /home/clefrancois/prog/wii/devkitpro/devkitPPC/bin/../lib/gcc/powerpc-eabi/4.6.1/crtbegin.o
 .rela.text.GX_SetZMode
                0x0000000000000000        0x0 /home/clefrancois/prog/wii/devkitpro/devkitPPC/bin/../lib/gcc/powerpc-eabi/4.6.1/crtbegin.o
 .rela.text.GX_LoadTexObjPreloaded
                0x0000000000000000        0x0 /home/clefrancois/prog/wii/devkitpro/devkitPPC/bin/../lib/gcc/powerpc-eabi/4.6.1/crtbegin.o
 .rela.text.GX_SetTexCoordScaleManually
                0x0000000000000000        0x0 /home/clefrancois/prog/wii/devkitpro/devkitPPC/bin/../lib/gcc/powerpc-eabi/4.6.1/crtbegin.o
 .rela.text.GX_SetTexCoordCylWrap
                0x0000000000000000        0x0 /home/clefrancois/prog/wii/devkitpro/devkitPPC/bin/../lib/gcc/powerpc-eabi/4.6.1/crtbegin.o
 .rela.text.GX_SetTexCoordBias
                0x0000000000000000        0x0 /home/clefrancois/prog/wii/devkitpro/devkitPPC/bin/../lib/gcc/powerpc-eabi/4.6.1/crtbegin.o
 .rela.text.GX_SetBlendMode
                0x0000000000000000        0x0 /home/clefrancois/prog/wii/devkitpro/devkitPPC/bin/../lib/gcc/powerpc-eabi/4.6.1/crtbegin.o
 .rela.text.GX_ClearVtxDesc
                0x0000000000000000        0x0 /home/clefrancois/prog/wii/devkitpro/devkitPPC/bin/../lib/gcc/powerpc-eabi/4.6.1/crtbegin.o
 .rela.text.GX_SetLineWidth
                0x0000000000000000        0x0 /home/clefrancois/prog/wii/devkitpro/devkitPPC/bin/../lib/gcc/powerpc-eabi/4.6.1/crtbegin.o
 .rela.text.GX_SetPointSize
                0x0000000000000000        0x0 /home/clefrancois/prog/wii/devkitpro/devkitPPC/bin/../lib/gcc/powerpc-eabi/4.6.1/crtbegin.o
 .rela.text.GX_SetTevColorIn
                0x0000000000000000        0x0 /home/clefrancois/prog/wii/devkitpro/devkitPPC/bin/../lib/gcc/powerpc-eabi/4.6.1/crtbegin.o
 .rela.text.GX_SetTevAlphaIn
                0x0000000000000000        0x0 /home/clefrancois/prog/wii/devkitpro/devkitPPC/bin/../lib/gcc/powerpc-eabi/4.6.1/crtbegin.o
 .rela.text.GX_SetTevColorOp
                0x0000000000000000        0x0 /home/clefrancois/prog/wii/devkitpro/devkitPPC/bin/../lib/gcc/powerpc-eabi/4.6.1/crtbegin.o
 .rela.text.GX_SetTevAlphaOp
                0x0000000000000000        0x0 /home/clefrancois/prog/wii/devkitpro/devkitPPC/bin/../lib/gcc/powerpc-eabi/4.6.1/crtbegin.o
 .rela.text.GX_SetCullMode
                0x0000000000000000        0x0 /home/clefrancois/prog/wii/devkitpro/devkitPPC/bin/../lib/gcc/powerpc-eabi/4.6.1/crtbegin.o
 .rela.text.GX_SetCoPlanar
                0x0000000000000000        0x0 /home/clefrancois/prog/wii/devkitpro/devkitPPC/bin/../lib/gcc/powerpc-eabi/4.6.1/crtbegin.o
 .rela.text.GX_EnableTexOffsets
                0x0000000000000000        0x0 /home/clefrancois/prog/wii/devkitpro/devkitPPC/bin/../lib/gcc/powerpc-eabi/4.6.1/crtbegin.o
 .rela.text.GX_SetScissor
                0x0000000000000000        0x0 /home/clefrancois/prog/wii/devkitpro/devkitPPC/bin/../lib/gcc/powerpc-eabi/4.6.1/crtbegin.o
 .rela.text.GX_SetNumChans
                0x0000000000000000        0x0 /home/clefrancois/prog/wii/devkitpro/devkitPPC/bin/../lib/gcc/powerpc-eabi/4.6.1/crtbegin.o
 .rela.text.GX_SetTevOrder
                0x0000000000000000        0x0 /home/clefrancois/prog/wii/devkitpro/devkitPPC/bin/../lib/gcc/powerpc-eabi/4.6.1/crtbegin.o
 .rela.text.GX_SetNumTevStages
                0x0000000000000000        0x0 /home/clefrancois/prog/wii/devkitpro/devkitPPC/bin/../lib/gcc/powerpc-eabi/4.6.1/crtbegin.o
 .rela.text.GX_SetTevKColorSel
                0x0000000000000000        0x0 /home/clefrancois/prog/wii/devkitpro/devkitPPC/bin/../lib/gcc/powerpc-eabi/4.6.1/crtbegin.o
 .rela.text.GX_SetTevKAlphaSel
                0x0000000000000000        0x0 /home/clefrancois/prog/wii/devkitpro/devkitPPC/bin/../lib/gcc/powerpc-eabi/4.6.1/crtbegin.o
 .rela.text.GX_SetTevSwapMode
                0x0000000000000000        0x0 /home/clefrancois/prog/wii/devkitpro/devkitPPC/bin/../lib/gcc/powerpc-eabi/4.6.1/crtbegin.o
 .rela.text.GX_SetTevSwapModeTable
                0x0000000000000000        0x0 /home/clefrancois/prog/wii/devkitpro/devkitPPC/bin/../lib/gcc/powerpc-eabi/4.6.1/crtbegin.o
 .rela.text.GX_SetNumIndStages
                0x0000000000000000        0x0 /home/clefrancois/prog/wii/devkitpro/devkitPPC/bin/../lib/gcc/powerpc-eabi/4.6.1/crtbegin.o
 .rela.text.GX_SetIndTexCoordScale
                0x0000000000000000        0x0 /home/clefrancois/prog/wii/devkitpro/devkitPPC/bin/../lib/gcc/powerpc-eabi/4.6.1/crtbegin.o
 .rela.text.GX_SetColorUpdate
                0x0000000000000000        0x0 /home/clefrancois/prog/wii/devkitpro/devkitPPC/bin/../lib/gcc/powerpc-eabi/4.6.1/crtbegin.o
 .rela.text.GX_SetAlphaUpdate
                0x0000000000000000        0x0 /home/clefrancois/prog/wii/devkitpro/devkitPPC/bin/../lib/gcc/powerpc-eabi/4.6.1/crtbegin.o
 .rela.text.GX_SetZCompLoc
                0x0000000000000000        0x0 /home/clefrancois/prog/wii/devkitpro/devkitPPC/bin/../lib/gcc/powerpc-eabi/4.6.1/crtbegin.o
 .rela.text.GX_SetPixelFmt
                0x0000000000000000        0x0 /home/clefrancois/prog/wii/devkitpro/devkitPPC/bin/../lib/gcc/powerpc-eabi/4.6.1/crtbegin.o
 .rela.text.GX_SetDither
                0x0000000000000000        0x0 /home/clefrancois/prog/wii/devkitpro/devkitPPC/bin/../lib/gcc/powerpc-eabi/4.6.1/crtbegin.o
 .rela.text.GX_SetDstAlpha
                0x0000000000000000        0x0 /home/clefrancois/prog/wii/devkitpro/devkitPPC/bin/../lib/gcc/powerpc-eabi/4.6.1/crtbegin.o
 .rela.text.GX_SetFieldMode
                0x0000000000000000        0x0 /home/clefrancois/prog/wii/devkitpro/devkitPPC/bin/../lib/gcc/powerpc-eabi/4.6.1/crtbegin.o
 .rela.text.GX_SetIndTexOrder
                0x0000000000000000        0x0 /home/clefrancois/prog/wii/devkitpro/devkitPPC/bin/../lib/gcc/powerpc-eabi/4.6.1/crtbegin.o
 .rela.text.GX_SetGPMetric
                0x0000000000000000        0x0 /home/clefrancois/prog/wii/devkitpro/devkitPPC/bin/../lib/gcc/powerpc-eabi/4.6.1/crtbegin.o
 .rela.text.GX_Init
                0x0000000000000000        0x0 /home/clefrancois/prog/wii/devkitpro/devkitPPC/bin/../lib/gcc/powerpc-eabi/4.6.1/crtbegin.o
 .rela.text.GX_ReadGPMetric
                0x0000000000000000        0x0 /home/clefrancois/prog/wii/devkitpro/devkitPPC/bin/../lib/gcc/powerpc-eabi/4.6.1/crtbegin.o
 .rela.text.c_decrementer_handler
                0x0000000000000000        0x0 /home/clefrancois/prog/wii/devkitpro/devkitPPC/bin/../lib/gcc/powerpc-eabi/4.6.1/crtbegin.o
 .rela.text.__lwp_mqbox_free
                0x0000000000000000        0x0 /home/clefrancois/prog/wii/devkitpro/devkitPPC/bin/../lib/gcc/powerpc-eabi/4.6.1/crtbegin.o
 .rela.text.__lwp_mqbox_open
                0x0000000000000000        0x0 /home/clefrancois/prog/wii/devkitpro/devkitPPC/bin/../lib/gcc/powerpc-eabi/4.6.1/crtbegin.o
 .rela.text.__lwp_mqbox_init
                0x0000000000000000        0x0 /home/clefrancois/prog/wii/devkitpro/devkitPPC/bin/../lib/gcc/powerpc-eabi/4.6.1/crtbegin.o
 .rela.text.MQ_Init
                0x0000000000000000        0x0 /home/clefrancois/prog/wii/devkitpro/devkitPPC/bin/../lib/gcc/powerpc-eabi/4.6.1/crtbegin.o
 .rela.text.__ios_ioctlvformat_parse
                0x0000000000000000        0x0 /home/clefrancois/prog/wii/devkitpro/devkitPPC/bin/../lib/gcc/powerpc-eabi/4.6.1/crtbegin.o
 .rela.text.__ioctlvfmtCB
                0x0000000000000000        0x0 /home/clefrancois/prog/wii/devkitpro/devkitPPC/bin/../lib/gcc/powerpc-eabi/4.6.1/crtbegin.o
 .rela.text.IOS_IoctlvFormat
                0x0000000000000000        0x0 /home/clefrancois/prog/wii/devkitpro/devkitPPC/bin/../lib/gcc/powerpc-eabi/4.6.1/crtbegin.o
 .rela.text.IOS_IoctlvFormatAsync
                0x0000000000000000        0x0 /home/clefrancois/prog/wii/devkitpro/devkitPPC/bin/../lib/gcc/powerpc-eabi/4.6.1/crtbegin.o
 .rela.text.nanosleep
                0x0000000000000000        0x0 /home/clefrancois/prog/wii/devkitpro/devkitPPC/bin/../lib/gcc/powerpc-eabi/4.6.1/crtbegin.o
 .rela.text.__libc_delete_hook
                0x0000000000000000        0x0 /home/clefrancois/prog/wii/devkitpro/devkitPPC/bin/../lib/gcc/powerpc-eabi/4.6.1/crtbegin.o
 .rela.text.__libc_init
                0x0000000000000000        0x0 /home/clefrancois/prog/wii/devkitpro/devkitPPC/bin/../lib/gcc/powerpc-eabi/4.6.1/crtbegin.o
 .rela.text.__libc_wrapup
                0x0000000000000000        0x0 /home/clefrancois/prog/wii/devkitpro/devkitPPC/bin/../lib/gcc/powerpc-eabi/4.6.1/crtbegin.o
 .rela.text.__CheckARGV
                0x0000000000000000        0x0 /home/clefrancois/prog/wii/devkitpro/devkitPPC/bin/../lib/gcc/powerpc-eabi/4.6.1/crtbegin.o
 .rela.text.__lwp_priority_init
                0x0000000000000000        0x0 /home/clefrancois/prog/wii/devkitpro/devkitPPC/bin/../lib/gcc/powerpc-eabi/4.6.1/crtbegin.o
 .rela.text.__lwp_wd_remove_ticks
                0x0000000000000000        0x0 /home/clefrancois/prog/wii/devkitpro/devkitPPC/bin/../lib/gcc/powerpc-eabi/4.6.1/crtbegin.o
 .rela.text.__lwp_threadqueue_enqueue
                0x0000000000000000        0x0 /home/clefrancois/prog/wii/devkitpro/devkitPPC/bin/../lib/gcc/powerpc-eabi/4.6.1/crtbegin.o
 .rela.text.__lwpmq_initialize
                0x0000000000000000        0x0 /home/clefrancois/prog/wii/devkitpro/devkitPPC/bin/../lib/gcc/powerpc-eabi/4.6.1/crtbegin.o
 .rela.text.__lwpmq_close
                0x0000000000000000        0x0 /home/clefrancois/prog/wii/devkitpro/devkitPPC/bin/../lib/gcc/powerpc-eabi/4.6.1/crtbegin.o
 .rela.text.__systemcall_init
                0x0000000000000000        0x0 /home/clefrancois/prog/wii/devkitpro/devkitPPC/bin/../lib/gcc/powerpc-eabi/4.6.1/crtbegin.o
 .rela.text.__exception_init
                0x0000000000000000        0x0 /home/clefrancois/prog/wii/devkitpro/devkitPPC/bin/../lib/gcc/powerpc-eabi/4.6.1/crtbegin.o
 .rela.text.__exception_close
                0x0000000000000000        0x0 /home/clefrancois/prog/wii/devkitpro/devkitPPC/bin/../lib/gcc/powerpc-eabi/4.6.1/crtbegin.o
 .rela.text.__exception_sethandler
                0x0000000000000000        0x0 /home/clefrancois/prog/wii/devkitpro/devkitPPC/bin/../lib/gcc/powerpc-eabi/4.6.1/crtbegin.o
 .rela.text.__lwp_sema_open
                0x0000000000000000        0x0 /home/clefrancois/prog/wii/devkitpro/devkitPPC/bin/../lib/gcc/powerpc-eabi/4.6.1/crtbegin.o
 .rela.text.__lwp_sema_init
                0x0000000000000000        0x0 /home/clefrancois/prog/wii/devkitpro/devkitPPC/bin/../lib/gcc/powerpc-eabi/4.6.1/crtbegin.o
 .rela.text.LWP_SemInit
                0x0000000000000000        0x0 /home/clefrancois/prog/wii/devkitpro/devkitPPC/bin/../lib/gcc/powerpc-eabi/4.6.1/crtbegin.o
 .rela.text.LWP_SemDestroy
                0x0000000000000000        0x0 /home/clefrancois/prog/wii/devkitpro/devkitPPC/bin/../lib/gcc/powerpc-eabi/4.6.1/crtbegin.o
 .rela.text.kprintf
                0x0000000000000000        0x0 /home/clefrancois/prog/wii/devkitpro/devkitPPC/bin/../lib/gcc/powerpc-eabi/4.6.1/crtbegin.o
 .rela.text.atangent
                0x0000000000000000        0x0 /home/clefrancois/prog/wii/devkitpro/devkitPPC/bin/../lib/gcc/powerpc-eabi/4.6.1/crtbegin.o
 .rela.text.atangentf
                0x0000000000000000        0x0 /home/clefrancois/prog/wii/devkitpro/devkitPPC/bin/../lib/gcc/powerpc-eabi/4.6.1/crtbegin.o
 .rela.text.sinef
                0x0000000000000000        0x0 /home/clefrancois/prog/wii/devkitpro/devkitPPC/bin/../lib/gcc/powerpc-eabi/4.6.1/crtbegin.o
 .rela.text.sqrtf
                0x0000000000000000        0x0 /home/clefrancois/prog/wii/devkitpro/devkitPPC/bin/../lib/gcc/powerpc-eabi/4.6.1/crtbegin.o
 .rela.text.tanf
                0x0000000000000000        0x0 /home/clefrancois/prog/wii/devkitpro/devkitPPC/bin/../lib/gcc/powerpc-eabi/4.6.1/crtbegin.o
 .rela.text._keyboardRead
                0x0000000000000000        0x0 /home/clefrancois/prog/wii/devkitpro/devkitPPC/bin/../lib/gcc/powerpc-eabi/4.6.1/crtbegin.o
 .rela.text._kbd_buf_thread_func
                0x0000000000000000        0x0 /home/clefrancois/prog/wii/devkitpro/devkitPPC/bin/../lib/gcc/powerpc-eabi/4.6.1/crtbegin.o
 .rela.text.KEYBOARD_Init
                0x0000000000000000        0x0 /home/clefrancois/prog/wii/devkitpro/devkitPPC/bin/../lib/gcc/powerpc-eabi/4.6.1/crtbegin.o
 .rela.text.calloc
                0x0000000000000000        0x0 /home/clefrancois/prog/wii/devkitpro/devkitPPC/bin/../lib/gcc/powerpc-eabi/4.6.1/crtbegin.o
 .rela.text.__errno
                0x0000000000000000        0x0 /home/clefrancois/prog/wii/devkitpro/devkitPPC/bin/../lib/gcc/powerpc-eabi/4.6.1/crtbegin.o
 .rela.text.exit
                0x0000000000000000        0x0 /home/clefrancois/prog/wii/devkitpro/devkitPPC/bin/../lib/gcc/powerpc-eabi/4.6.1/crtbegin.o
 .rela.text.fprintf
                0x0000000000000000        0x0 /home/clefrancois/prog/wii/devkitpro/devkitPPC/bin/../lib/gcc/powerpc-eabi/4.6.1/crtbegin.o
 .rela.text.fputs
                0x0000000000000000        0x0 /home/clefrancois/prog/wii/devkitpro/devkitPPC/bin/../lib/gcc/powerpc-eabi/4.6.1/crtbegin.o
 .rela.text._malloc_trim_r
                0x0000000000000000        0x0 /home/clefrancois/prog/wii/devkitpro/devkitPPC/bin/../lib/gcc/powerpc-eabi/4.6.1/crtbegin.o
 .rela.text._free_r
                0x0000000000000000        0x0 /home/clefrancois/prog/wii/devkitpro/devkitPPC/bin/../lib/gcc/powerpc-eabi/4.6.1/crtbegin.o
 .rela.text._findenv
                0x0000000000000000        0x0 /home/clefrancois/prog/wii/devkitpro/devkitPPC/bin/../lib/gcc/powerpc-eabi/4.6.1/crtbegin.o
 .rela.text.getenv
                0x0000000000000000        0x0 /home/clefrancois/prog/wii/devkitpro/devkitPPC/bin/../lib/gcc/powerpc-eabi/4.6.1/crtbegin.o
 .rela.text._findenv_r
                0x0000000000000000        0x0 /home/clefrancois/prog/wii/devkitpro/devkitPPC/bin/../lib/gcc/powerpc-eabi/4.6.1/crtbegin.o
 .rela.text.setvbuf
                0x0000000000000000        0x0 /home/clefrancois/prog/wii/devkitpro/devkitPPC/bin/../lib/gcc/powerpc-eabi/4.6.1/crtbegin.o
 .rela.text._svfprintf_r
                0x0000000000000000        0x0 /home/clefrancois/prog/wii/devkitpro/devkitPPC/bin/../lib/gcc/powerpc-eabi/4.6.1/crtbegin.o
 .rela.text._vfprintf_r
                0x0000000000000000        0x0 /home/clefrancois/prog/wii/devkitpro/devkitPPC/bin/../lib/gcc/powerpc-eabi/4.6.1/crtbegin.o
 .rela.text._wcrtomb_r
                0x0000000000000000        0x0 /home/clefrancois/prog/wii/devkitpro/devkitPPC/bin/../lib/gcc/powerpc-eabi/4.6.1/crtbegin.o
 .rela.text.wcrtomb
                0x0000000000000000        0x0 /home/clefrancois/prog/wii/devkitpro/devkitPPC/bin/../lib/gcc/powerpc-eabi/4.6.1/crtbegin.o
 .rela.text.__call_exitprocs
                0x0000000000000000        0x0 /home/clefrancois/prog/wii/devkitpro/devkitPPC/bin/../lib/gcc/powerpc-eabi/4.6.1/crtbegin.o
 .rela.text._dtoa_r
                0x0000000000000000        0x0 /home/clefrancois/prog/wii/devkitpro/devkitPPC/bin/../lib/gcc/powerpc-eabi/4.6.1/crtbegin.o
 .rela.text._cleanup_r
                0x0000000000000000        0x0 /home/clefrancois/prog/wii/devkitpro/devkitPPC/bin/../lib/gcc/powerpc-eabi/4.6.1/crtbegin.o
 .rela.text.std.isra.0
                0x0000000000000000        0x0 /home/clefrancois/prog/wii/devkitpro/devkitPPC/bin/../lib/gcc/powerpc-eabi/4.6.1/crtbegin.o
 .rela.text.loadlocale
                0x0000000000000000        0x0 /home/clefrancois/prog/wii/devkitpro/devkitPPC/bin/../lib/gcc/powerpc-eabi/4.6.1/crtbegin.o
 .rela.text.__smakebuf_r
                0x0000000000000000        0x0 /home/clefrancois/prog/wii/devkitpro/devkitPPC/bin/../lib/gcc/powerpc-eabi/4.6.1/crtbegin.o

.rel.fini
 *(.rel.fini)

.rela.fini
 *(.rela.fini)

.rel.rodata
 *(.rel.rodata .rel.rodata.* .rel.gnu.linkonce.r.*)

.rela.rodata
 *(.rela.rodata .rela.rodata.* .rela.gnu.linkonce.r.*)

.rel.data
 *(.rel.data .rel.data.* .rel.gnu.linkonce.d.*)

.rela.data
 *(.rela.data .rela.data.* .rela.gnu.linkonce.d.*)

.rel.tdata
 *(.rel.tdata .rel.tdata.* .rel.gnu.linkonce.td.*)

.rela.tdata
 *(.rela.tdata .rela.tdata.* .rela.gnu.linkonce.td.*)

.rel.tbss
 *(.rel.tbss .rel.tbss.* .rel.gnu.linkonce.tb.*)

.rela.tbss
 *(.rela.tbss .rela.tbss.* .rela.gnu.linkonce.tb.*)

.rel.ctors
 *(.rel.ctors)

.rela.ctors
 *(.rela.ctors)

.rel.dtors
 *(.rel.dtors)

.rela.dtors
 *(.rela.dtors)

.rel.got
 *(.rel.got)

.rela.got
 *(.rela.got)

.rela.got1
 *(.rela.got1)

.rela.got2      0x0000000080004194        0x0
 *(.rela.got2)
 .rela.got2     0x0000000000000000        0x0 /home/clefrancois/prog/wii/devkitpro/devkitPPC/bin/../lib/gcc/powerpc-eabi/4.6.1/crtbegin.o

.rel.sdata
 *(.rel.sdata .rel.sdata.* .rel.gnu.linkonce.s.*)

.rela.sdata     0x0000000080004194        0x0
 *(.rela.sdata .rela.sdata.* .rela.gnu.linkonce.s.*)
 .rela.sdata._ukbd_keymapdata
                0x0000000000000000        0x0 /home/clefrancois/prog/wii/devkitpro/devkitPPC/bin/../lib/gcc/powerpc-eabi/4.6.1/crtbegin.o

.rel.sbss
 *(.rel.sbss .rel.sbss.* .rel.gnu.linkonce.sb.*)

.rela.sbss
 *(.rela.sbss .rela.sbss.* .rel.gnu.linkonce.sb.*)

.rel.sdata2
 *(.rel.sdata2 .rel.sdata2.* .rel.gnu.linkonce.s2.*)

.rela.sdata2
 *(.rela.sdata2 .rela.sdata2.* .rela.gnu.linkonce.s2.*)

.rel.sbss2
 *(.rel.sbss2 .rel.sbss2.* .rel.gnu.linkonce.sb2.*)

.rela.sbss2
 *(.rela.sbss2 .rela.sbss2.* .rela.gnu.linkonce.sb2.*)

.rel.bss
 *(.rel.bss .rel.bss.* .rel.gnu.linkonce.b.*)

.rela.bss
 *(.rela.bss .rela.bss.* .rela.gnu.linkonce.b.*)

.rel.plt
 *(.rel.plt)

.rela.plt
 *(.rela.plt)

.text           0x00000000800041a0    0x32360
 *(.text)
 .text          0x00000000800041a0      0x168 /home/clefrancois/prog/wii/devkitpro/devkitPPC/bin/../lib/gcc/powerpc-eabi/4.6.1/crtbegin.o
 .text          0x0000000080004308       0x44 /home/clefrancois/prog/wii/devkitpro/devkitPPC/bin/../lib/gcc/powerpc-eabi/4.6.1/../../../../powerpc-eabi/lib/crtmain.o
                0x000000008000430c                __crtmain
 *fill*         0x000000008000434c       0x14 00000000
 .text          0x0000000080004360      0x44c /home/clefrancois/prog/wii/devkitpro/libogc/lib/wii/libogc.a(lwp_handler.o)
                0x0000000080004360                _cpu_context_save_fp
                0x00000000800044a0                _cpu_context_restore_fp
                0x00000000800045e0                _cpu_context_switch
                0x00000000800046c0                _cpu_context_save
                0x0000000080004740                _cpu_context_restore
 .text          0x00000000800047ac      0x4f4 /home/clefrancois/prog/wii/devkitpro/libogc/lib/wii/libogc.a(cache_asm.o)
                0x00000000800047ac                DCFlashInvalidate
                0x00000000800047c0                DCEnable
                0x00000000800047d4                DCDisable
                0x00000000800047e8                DCFreeze
                0x00000000800047fc                DCUnfreeze
                0x0000000080004810                DCTouchLoad
                0x0000000080004818                DCBlockZero
                0x0000000080004820                DCBlockStore
                0x0000000080004828                DCBlockFlush
                0x0000000080004830                DCBlockInvalidate
                0x0000000080004838                DCInvalidateRange
                0x0000000080004868                DCFlushRange
                0x000000008000489c                DCStoreRange
                0x00000000800048d0                DCFlushRangeNoSync
                0x0000000080004900                DCStoreRangeNoSync
                0x0000000080004930                DCZeroRange
                0x0000000080004960                DCTouchRange
                0x0000000080004990                ICInvalidateRange
                0x00000000800049c8                ICFlashInvalidate
                0x00000000800049dc                ICEnable
                0x00000000800049f0                ICDisable
                0x0000000080004a04                ICFreeze
                0x0000000080004a18                ICUnfreeze
                0x0000000080004a2c                ICBlockInvalidate
                0x0000000080004a34                ICSync
                0x0000000080004a3c                L2Init
                0x0000000080004a84                L2Enable
                0x0000000080004aa0                L2Disable
                0x0000000080004ab8                L2GlobalInvalidate
                0x0000000080004b10                __LCEnable
                0x0000000080004bdc                LCDisable
                0x0000000080004c04                LCAllocOneTag
                0x0000000080004c18                LCAllocTags
                0x0000000080004c58                LCLoadBlocks
                0x0000000080004c7c                LCStoreBlocks
 .text          0x0000000080004ca0      0x4a0 /home/clefrancois/prog/wii/devkitpro/libogc/lib/wii/libogc.a(system_asm.o)
                0x0000000080004ca0                __realmode
                0x0000000080004cb8                __configBATS
                0x0000000080004de8                __InitFPRS
                0x0000000080004f14                __InitPS
                0x0000000080004f70                __InitCache
                0x0000000080004fc8                __InitSystem
                0x0000000080005050                __flush_cache
                0x0000000080005084                __reset
                0x00000000800050f4                __InitBATS
                0x0000000080005110                SYS_SwitchFiber
 .text          0x0000000080005140      0x1ac /home/clefrancois/prog/wii/devkitpro/libogc/lib/wii/libogc.a(irq_handler.o)
                0x0000000080005140                irq_exceptionhandler
 .text          0x00000000800052ec      0x118 /home/clefrancois/prog/wii/devkitpro/libogc/lib/wii/libogc.a(video_asm.o)
                0x00000000800052ec                __VIClearFramebuffer
 .text          0x0000000080005404      0x1ac /home/clefrancois/prog/wii/devkitpro/libogc/lib/wii/libogc.a(decrementer_handler.o)
                0x0000000080005404                dec_exceptionhandler
 .text          0x00000000800055b0      0x35c /home/clefrancois/prog/wii/devkitpro/libogc/lib/wii/libogc.a(exception_handler.o)
                0x00000000800055b0                exceptionhandler_start
                0x000000008000562c                exceptionhandler_patch
                0x0000000080005660                exceptionhandler_end
                0x0000000080005664                default_exceptionhandler
                0x0000000080005794                fpu_exceptionhandler
                0x00000000800058dc                systemcallhandler_start
                0x0000000080005908                systemcallhandler_end
 .text          0x000000008000590c       0x40 /home/clefrancois/prog/wii/devkitpro/devkitPPC/bin/../lib/gcc/powerpc-eabi/4.6.1/libgcc.a(_ashldi3.o)
                0x000000008000590c                __ashldi3
 .text          0x000000008000594c      0x400 /home/clefrancois/prog/wii/devkitpro/devkitPPC/bin/../lib/gcc/powerpc-eabi/4.6.1/libgcc.a(_udivdi3.o)
                0x000000008000594c                __udivdi3
 .text          0x0000000080005d4c      0x3d4 /home/clefrancois/prog/wii/devkitpro/devkitPPC/bin/../lib/gcc/powerpc-eabi/4.6.1/libgcc.a(_umoddi3.o)
                0x0000000080005d4c                __umoddi3
 .text          0x0000000080006120       0x48 /home/clefrancois/prog/wii/devkitpro/devkitPPC/bin/../lib/gcc/powerpc-eabi/4.6.1/libgcc.a(eabi.o)
                0x0000000080006120                __eabi
 .text          0x0000000080006168       0x4c /home/clefrancois/prog/wii/devkitpro/devkitPPC/bin/../lib/gcc/powerpc-eabi/4.6.1/libgcc.a(crtsavgpr.o)
                0x0000000080006168                _savegpr_14
                0x000000008000616c                _savegpr_15
                0x0000000080006170                _savegpr_16
                0x0000000080006174                _savegpr_17
                0x0000000080006178                _savegpr_18
                0x000000008000617c                _savegpr_19
                0x0000000080006180                _savegpr_20
                0x0000000080006184                _savegpr_21
                0x0000000080006188                _savegpr_22
                0x000000008000618c                _savegpr_23
                0x0000000080006190                _savegpr_24
                0x0000000080006194                _savegpr_25
                0x0000000080006198                _savegpr_26
                0x000000008000619c                _savegpr_27
                0x00000000800061a0                _savegpr_28
                0x00000000800061a4                _savegpr_29
                0x00000000800061a8                _savegpr_30
                0x00000000800061ac                _savegpr_31
 .text          0x00000000800061b4       0x58 /home/clefrancois/prog/wii/devkitpro/devkitPPC/bin/../lib/gcc/powerpc-eabi/4.6.1/libgcc.a(crtresxgpr.o)
                0x00000000800061b4                _restgpr_14_x
                0x00000000800061b8                _restgpr_15_x
                0x00000000800061bc                _restgpr_16_x
                0x00000000800061c0                _restgpr_17_x
                0x00000000800061c4                _restgpr_18_x
                0x00000000800061c8                _restgpr_19_x
                0x00000000800061cc                _restgpr_20_x
                0x00000000800061d0                _restgpr_21_x
                0x00000000800061d4                _restgpr_22_x
                0x00000000800061d8                _restgpr_23_x
                0x00000000800061dc                _restgpr_24_x
                0x00000000800061e0                _restgpr_25_x
                0x00000000800061e4                _restgpr_26_x
                0x00000000800061e8                _restgpr_27_x
                0x00000000800061ec                _restgpr_28_x
                0x00000000800061f0                _restgpr_29_x
                0x00000000800061f4                _restgpr_30_x
                0x00000000800061f8                _restgpr_31_x
 .text          0x000000008000620c       0x28 /home/clefrancois/prog/wii/devkitpro/devkitPPC/bin/../lib/gcc/powerpc-eabi/4.6.1/../../../../powerpc-eabi/lib/libsysbase.a(abort.o)
                0x000000008000620c                abort
 .text          0x0000000080006234      0x2ec /home/clefrancois/prog/wii/devkitpro/devkitPPC/bin/../lib/gcc/powerpc-eabi/4.6.1/../../../../powerpc-eabi/lib/libsysbase.a(iosupport.o)
                0x0000000080006234                setDefaultDevice
                0x000000008000624c                FindDevice
                0x0000000080006370                RemoveDevice
                0x00000000800063c0                AddDevice
                0x00000000800064dc                GetDeviceOpTab
 .text          0x0000000080006520       0x28 /home/clefrancois/prog/wii/devkitpro/devkitPPC/bin/../lib/gcc/powerpc-eabi/4.6.1/../../../../powerpc-eabi/lib/libsysbase.a(_exit.o)
                0x0000000080006520                _exit
 .text          0x0000000080006548       0x90 /home/clefrancois/prog/wii/devkitpro/devkitPPC/bin/../lib/gcc/powerpc-eabi/4.6.1/../../../../powerpc-eabi/lib/libsysbase.a(build_argv.o)
                0x0000000080006548                build_argv
 .text          0x00000000800065d8      0x168 /home/clefrancois/prog/wii/devkitpro/devkitPPC/bin/../lib/gcc/powerpc-eabi/4.6.1/../../../../powerpc-eabi/lib/libsysbase.a(syscall_support.o)
                0x00000000800065d8                __libc_lock_init
                0x0000000080006618                __libc_lock_close
                0x0000000080006658                __libc_lock_release
                0x0000000080006698                __libc_lock_acquire
                0x00000000800066d8                __malloc_lock
                0x000000008000670c                __malloc_unlock
 .text          0x0000000080006740       0x98 /home/clefrancois/prog/wii/devkitpro/devkitPPC/bin/../lib/gcc/powerpc-eabi/4.6.1/../../../../powerpc-eabi/lib/libsysbase.a(close.o)
                0x0000000080006740                _close_r
 .text          0x00000000800067d8       0xc8 /home/clefrancois/prog/wii/devkitpro/devkitPPC/bin/../lib/gcc/powerpc-eabi/4.6.1/../../../../powerpc-eabi/lib/libsysbase.a(fstat.o)
                0x00000000800067d8                _fstat_r
 .text          0x00000000800068a0        0x8 /home/clefrancois/prog/wii/devkitpro/devkitPPC/bin/../lib/gcc/powerpc-eabi/4.6.1/../../../../powerpc-eabi/lib/libsysbase.a(isatty.o)
                0x00000000800068a0                _isatty_r
 .text          0x00000000800068a8       0xcc /home/clefrancois/prog/wii/devkitpro/devkitPPC/bin/../lib/gcc/powerpc-eabi/4.6.1/../../../../powerpc-eabi/lib/libsysbase.a(lseek.o)
                0x00000000800068a8                _lseek_r
 .text          0x0000000080006974      0x14c /home/clefrancois/prog/wii/devkitpro/devkitPPC/bin/../lib/gcc/powerpc-eabi/4.6.1/../../../../powerpc-eabi/lib/libsysbase.a(open.o)
                0x0000000080006974                _open_r
 .text          0x0000000080006ac0       0xac /home/clefrancois/prog/wii/devkitpro/devkitPPC/bin/../lib/gcc/powerpc-eabi/4.6.1/../../../../powerpc-eabi/lib/libsysbase.a(read.o)
                0x0000000080006ac0                _read_r
 .text          0x0000000080006b6c       0x50 /home/clefrancois/prog/wii/devkitpro/devkitPPC/bin/../lib/gcc/powerpc-eabi/4.6.1/../../../../powerpc-eabi/lib/libsysbase.a(sbrk.o)
                0x0000000080006b6c                _sbrk_r
 .text          0x0000000080006bbc       0xac /home/clefrancois/prog/wii/devkitpro/devkitPPC/bin/../lib/gcc/powerpc-eabi/4.6.1/../../../../powerpc-eabi/lib/libsysbase.a(write.o)
                0x0000000080006bbc                _write_r
 .text          0x0000000080006c68       0x6c /home/clefrancois/prog/wii/devkitpro/devkitPPC/bin/../lib/gcc/powerpc-eabi/4.6.1/../../../../powerpc-eabi/lib/libsysbase.a(flock.o)
                0x0000000080006c68                __flockfile
                0x0000000080006cb0                __funlockfile
 .text          0x0000000080006cd4      0x174 /home/clefrancois/prog/wii/devkitpro/devkitPPC/bin/../lib/gcc/powerpc-eabi/4.6.1/../../../../powerpc-eabi/lib/libsysbase.a(handle_manager.o)
                0x0000000080006cd4                __release_handle
                0x0000000080006d30                __alloc_handle
                0x0000000080006e24                __get_handle
 .text          0x0000000080006e48       0x6c /home/clefrancois/prog/wii/devkitpro/devkitPPC/bin/../lib/gcc/powerpc-eabi/4.6.1/crtend.o
 *(.text.*)
 .text.ShutdownCB
                0x0000000080006eb4       0x18 /home/clefrancois/prog/wii/devkitpro/libogc/lib/wii/libSDL.a(SDL_wii_main.o)
 .text.ResetCB  0x0000000080006ecc       0x18 /home/clefrancois/prog/wii/devkitpro/libogc/lib/wii/libSDL.a(SDL_wii_main.o)
 .text.startup.main
                0x0000000080006ee4       0xc8 /home/clefrancois/prog/wii/devkitpro/libogc/lib/wii/libSDL.a(SDL_wii_main.o)
                0x0000000080006ee4                main
 .text.SetupGX  0x0000000080006fac      0x1e0 /home/clefrancois/prog/wii/devkitpro/libogc/lib/wii/libSDL.a(SDL_wiivideo.o)
 .text.WII_InitVideoSystem
                0x000000008000718c      0x1cc /home/clefrancois/prog/wii/devkitpro/libogc/lib/wii/libSDL.a(SDL_wiivideo.o)
                0x000000008000718c                WII_InitVideoSystem
 .text.__wpad_assign_slot
                0x0000000080007358      0x220 /home/clefrancois/prog/wii/devkitpro/libogc/lib/wii/libwiiuse.a(wpad.o)
                0x0000000080007358                __wpad_assign_slot
 .text.__wpad_def_powcb
                0x0000000080007578       0x20 /home/clefrancois/prog/wii/devkitpro/libogc/lib/wii/libwiiuse.a(wpad.o)
 .text.__wpad_setfmt
                0x0000000080007598       0xf0 /home/clefrancois/prog/wii/devkitpro/libogc/lib/wii/libwiiuse.a(wpad.o)
 .text.__readlinkkey_finished
                0x0000000080007688       0x30 /home/clefrancois/prog/wii/devkitpro/libogc/lib/wii/libwiiuse.a(wpad.o)
 .text.__wpad_patch_finished
                0x00000000800076b8       0x2c /home/clefrancois/prog/wii/devkitpro/libogc/lib/wii/libwiiuse.a(wpad.o)
 .text.__wpad_eventCB
                0x00000000800076e4      0x958 /home/clefrancois/prog/wii/devkitpro/libogc/lib/wii/libwiiuse.a(wpad.o)
 .text.__wpad_disconnectCB
                0x000000008000803c       0xe8 /home/clefrancois/prog/wii/devkitpro/libogc/lib/wii/libwiiuse.a(wpad.o)
                0x000000008000803c                __wpad_disconnectCB
 .text.__wpad_timeouthandler
                0x0000000080008124       0x98 /home/clefrancois/prog/wii/devkitpro/libogc/lib/wii/libwiiuse.a(wpad.o)
 .text.__initcore_finished
                0x00000000800081bc       0x40 /home/clefrancois/prog/wii/devkitpro/libogc/lib/wii/libwiiuse.a(wpad.o)
 .text.__wpad_init_finished
                0x00000000800081fc      0x134 /home/clefrancois/prog/wii/devkitpro/libogc/lib/wii/libwiiuse.a(wpad.o)
 .text.WPAD_SetDataFormat
                0x0000000080008330      0x114 /home/clefrancois/prog/wii/devkitpro/libogc/lib/wii/libwiiuse.a(wpad.o)
                0x0000000080008330                WPAD_SetDataFormat
 .text.WPAD_SetVRes
                0x0000000080008444       0xe0 /home/clefrancois/prog/wii/devkitpro/libogc/lib/wii/libwiiuse.a(wpad.o)
                0x0000000080008444                WPAD_SetVRes
 .text.WPAD_SetPowerButtonCallback
                0x0000000080008524       0x50 /home/clefrancois/prog/wii/devkitpro/libogc/lib/wii/libwiiuse.a(wpad.o)
                0x0000000080008524                WPAD_SetPowerButtonCallback
 .text.WPAD_Shutdown
                0x0000000080008574       0xdc /home/clefrancois/prog/wii/devkitpro/libogc/lib/wii/libwiiuse.a(wpad.o)
                0x0000000080008574                WPAD_Shutdown
 .text.WPAD_Init
                0x0000000080008650      0x240 /home/clefrancois/prog/wii/devkitpro/libogc/lib/wii/libwiiuse.a(wpad.o)
                0x0000000080008650                WPAD_Init
 .text.__wpad_onreset
                0x0000000080008890       0x2c /home/clefrancois/prog/wii/devkitpro/libogc/lib/wii/libwiiuse.a(wpad.o)
 .text.motion_plus_disconnected
                0x00000000800088bc       0x10 /home/clefrancois/prog/wii/devkitpro/libogc/lib/wii/libwiiuse.a(motion_plus.o)
                0x00000000800088bc                motion_plus_disconnected
 .text.motion_plus_event
                0x00000000800088cc       0x64 /home/clefrancois/prog/wii/devkitpro/libogc/lib/wii/libwiiuse.a(motion_plus.o)
                0x00000000800088cc                motion_plus_event
 .text.wiiuse_handshake_expansion
                0x0000000080008930      0x1d4 /home/clefrancois/prog/wii/devkitpro/libogc/lib/wii/libwiiuse.a(io.o)
                0x0000000080008930                wiiuse_handshake_expansion
 .text.wiiuse_handshake
                0x0000000080008b04      0x150 /home/clefrancois/prog/wii/devkitpro/libogc/lib/wii/libwiiuse.a(io.o)
                0x0000000080008b04                wiiuse_handshake
 .text.wiiuse_handshake_expansion_start
                0x0000000080008c54       0x24 /home/clefrancois/prog/wii/devkitpro/libogc/lib/wii/libwiiuse.a(io.o)
                0x0000000080008c54                wiiuse_handshake_expansion_start
 .text.wiiuse_disable_expansion
                0x0000000080008c78       0xc0 /home/clefrancois/prog/wii/devkitpro/libogc/lib/wii/libwiiuse.a(io.o)
                0x0000000080008c78                wiiuse_disable_expansion
 .text.__wiiuse_disconnected
                0x0000000080008d38       0x90 /home/clefrancois/prog/wii/devkitpro/libogc/lib/wii/libwiiuse.a(io_wii.o)
 .text.__wiiuse_receive
                0x0000000080008dc8       0x8c /home/clefrancois/prog/wii/devkitpro/libogc/lib/wii/libwiiuse.a(io_wii.o)
 .text.__wiiuse_connected
                0x0000000080008e54       0x7c /home/clefrancois/prog/wii/devkitpro/libogc/lib/wii/libwiiuse.a(io_wii.o)
 .text.__wiiuse_sensorbar_enable
                0x0000000080008ed0       0x48 /home/clefrancois/prog/wii/devkitpro/libogc/lib/wii/libwiiuse.a(io_wii.o)
                0x0000000080008ed0                __wiiuse_sensorbar_enable
 .text.wiiuse_register
                0x0000000080008f18       0xa4 /home/clefrancois/prog/wii/devkitpro/libogc/lib/wii/libwiiuse.a(io_wii.o)
                0x0000000080008f18                wiiuse_register
 .text.wiiuse_disconnect
                0x0000000080008fbc       0x40 /home/clefrancois/prog/wii/devkitpro/libogc/lib/wii/libwiiuse.a(io_wii.o)
                0x0000000080008fbc                wiiuse_disconnect
 .text.wiiuse_init_cmd_queue
                0x0000000080008ffc       0x84 /home/clefrancois/prog/wii/devkitpro/libogc/lib/wii/libwiiuse.a(io_wii.o)
                0x0000000080008ffc                wiiuse_init_cmd_queue
 .text.wiiuse_io_write
                0x0000000080009080       0x38 /home/clefrancois/prog/wii/devkitpro/libogc/lib/wii/libwiiuse.a(io_wii.o)
                0x0000000080009080                wiiuse_io_write
 .text.get_ir_sens.isra.0
                0x00000000800090b8       0xe8 /home/clefrancois/prog/wii/devkitpro/libogc/lib/wii/libwiiuse.a(ir.o)
 .text.wiiuse_set_ir_mode
                0x00000000800091a0       0x60 /home/clefrancois/prog/wii/devkitpro/libogc/lib/wii/libwiiuse.a(ir.o)
                0x00000000800091a0                wiiuse_set_ir_mode
 .text.wiiuse_set_ir
                0x0000000080009200      0x190 /home/clefrancois/prog/wii/devkitpro/libogc/lib/wii/libwiiuse.a(ir.o)
                0x0000000080009200                wiiuse_set_ir
 .text.wiiuse_set_ir_vres
                0x0000000080009390       0x1c /home/clefrancois/prog/wii/devkitpro/libogc/lib/wii/libwiiuse.a(ir.o)
                0x0000000080009390                wiiuse_set_ir_vres
 .text.wiiuse_set_ir_position
                0x00000000800093ac       0x78 /home/clefrancois/prog/wii/devkitpro/libogc/lib/wii/libwiiuse.a(ir.o)
                0x00000000800093ac                wiiuse_set_ir_position
 .text.wiiuse_set_aspect_ratio
                0x0000000080009424       0x3c /home/clefrancois/prog/wii/devkitpro/libogc/lib/wii/libwiiuse.a(ir.o)
                0x0000000080009424                wiiuse_set_aspect_ratio
 .text.wiiuse_set_ir_sensitivity
                0x0000000080009460       0xf8 /home/clefrancois/prog/wii/devkitpro/libogc/lib/wii/libwiiuse.a(ir.o)
                0x0000000080009460                wiiuse_set_ir_sensitivity
 .text.calculate_basic_ir
                0x0000000080009558       0xfc /home/clefrancois/prog/wii/devkitpro/libogc/lib/wii/libwiiuse.a(ir.o)
                0x0000000080009558                calculate_basic_ir
 .text.calculate_extended_ir
                0x0000000080009654       0x7c /home/clefrancois/prog/wii/devkitpro/libogc/lib/wii/libwiiuse.a(ir.o)
                0x0000000080009654                calculate_extended_ir
 .text.nunchuk_handshake
                0x00000000800096d0      0x228 /home/clefrancois/prog/wii/devkitpro/libogc/lib/wii/libwiiuse.a(nunchuk.o)
                0x00000000800096d0                nunchuk_handshake
 .text.nunchuk_disconnected
                0x00000000800098f8       0x28 /home/clefrancois/prog/wii/devkitpro/libogc/lib/wii/libwiiuse.a(nunchuk.o)
                0x00000000800098f8                nunchuk_disconnected
 .text.nunchuk_event
                0x0000000080009920       0xe4 /home/clefrancois/prog/wii/devkitpro/libogc/lib/wii/libwiiuse.a(nunchuk.o)
                0x0000000080009920                nunchuk_event
 .text.wii_board_handshake
                0x0000000080009a04      0x170 /home/clefrancois/prog/wii/devkitpro/libogc/lib/wii/libwiiuse.a(wiiboard.o)
                0x0000000080009a04                wii_board_handshake
 .text.wii_board_disconnected
                0x0000000080009b74       0x28 /home/clefrancois/prog/wii/devkitpro/libogc/lib/wii/libwiiuse.a(wiiboard.o)
                0x0000000080009b74                wii_board_disconnected
 .text.wii_board_event
                0x0000000080009b9c       0x54 /home/clefrancois/prog/wii/devkitpro/libogc/lib/wii/libwiiuse.a(wiiboard.o)
                0x0000000080009b9c                wii_board_event
 .text.wiiuse_send_next_command
                0x0000000080009bf0       0x6c /home/clefrancois/prog/wii/devkitpro/libogc/lib/wii/libwiiuse.a(wiiuse.o)
                0x0000000080009bf0                wiiuse_send_next_command
 .text.__wiiuse_push_command
                0x0000000080009c5c       0x94 /home/clefrancois/prog/wii/devkitpro/libogc/lib/wii/libwiiuse.a(wiiuse.o)
 .text.wiiuse_init
                0x0000000080009cf0      0x154 /home/clefrancois/prog/wii/devkitpro/libogc/lib/wii/libwiiuse.a(wiiuse.o)
                0x0000000080009cf0                wiiuse_init
 .text.wiiuse_set_flags
                0x0000000080009e44       0x24 /home/clefrancois/prog/wii/devkitpro/libogc/lib/wii/libwiiuse.a(wiiuse.o)
                0x0000000080009e44                wiiuse_set_flags
 .text.wiiuse_read_data
                0x0000000080009e68       0x94 /home/clefrancois/prog/wii/devkitpro/libogc/lib/wii/libwiiuse.a(wiiuse.o)
                0x0000000080009e68                wiiuse_read_data
 .text.wiiuse_write_data
                0x0000000080009efc       0xc0 /home/clefrancois/prog/wii/devkitpro/libogc/lib/wii/libwiiuse.a(wiiuse.o)
                0x0000000080009efc                wiiuse_write_data
 .text.wiiuse_sendcmd
                0x0000000080009fbc       0x90 /home/clefrancois/prog/wii/devkitpro/libogc/lib/wii/libwiiuse.a(wiiuse.o)
                0x0000000080009fbc                wiiuse_sendcmd
 .text.wiiuse_status
                0x000000008000a04c       0x4c /home/clefrancois/prog/wii/devkitpro/libogc/lib/wii/libwiiuse.a(wiiuse.o)
                0x000000008000a04c                wiiuse_status
 .text.wiiuse_motion_sensing
                0x000000008000a098       0x3c /home/clefrancois/prog/wii/devkitpro/libogc/lib/wii/libwiiuse.a(wiiuse.o)
                0x000000008000a098                wiiuse_motion_sensing
 .text.wiiuse_set_report_type
                0x000000008000a0d4       0xd0 /home/clefrancois/prog/wii/devkitpro/libogc/lib/wii/libwiiuse.a(wiiuse.o)
                0x000000008000a0d4                wiiuse_set_report_type
 .text.wiiuse_set_leds
                0x000000008000a1a4       0x50 /home/clefrancois/prog/wii/devkitpro/libogc/lib/wii/libwiiuse.a(wiiuse.o)
                0x000000008000a1a4                wiiuse_set_leds
 .text.wiiuse_set_speaker
                0x000000008000a1f4      0x1e4 /home/clefrancois/prog/wii/devkitpro/libogc/lib/wii/libwiiuse.a(speaker.o)
                0x000000008000a1f4                wiiuse_set_speaker
 .text.classic_ctrl_handshake
                0x000000008000a3d8      0x188 /home/clefrancois/prog/wii/devkitpro/libogc/lib/wii/libwiiuse.a(classic.o)
                0x000000008000a3d8                classic_ctrl_handshake
 .text.classic_ctrl_disconnected
                0x000000008000a560       0x28 /home/clefrancois/prog/wii/devkitpro/libogc/lib/wii/libwiiuse.a(classic.o)
                0x000000008000a560                classic_ctrl_disconnected
 .text.classic_ctrl_event
                0x000000008000a588       0xa4 /home/clefrancois/prog/wii/devkitpro/libogc/lib/wii/libwiiuse.a(classic.o)
                0x000000008000a588                classic_ctrl_event
 .text.handle_expansion
                0x000000008000a62c       0x70 /home/clefrancois/prog/wii/devkitpro/libogc/lib/wii/libwiiuse.a(events.o)
 .text.wiiuse_pressed_buttons
                0x000000008000a69c       0x2c /home/clefrancois/prog/wii/devkitpro/libogc/lib/wii/libwiiuse.a(events.o)
                0x000000008000a69c                wiiuse_pressed_buttons
 .text.parse_event
                0x000000008000a6c8      0x540 /home/clefrancois/prog/wii/devkitpro/libogc/lib/wii/libwiiuse.a(events.o)
                0x000000008000a6c8                parse_event
 .text.guitar_hero_3_handshake
                0x000000008000ac08       0x68 /home/clefrancois/prog/wii/devkitpro/libogc/lib/wii/libwiiuse.a(guitar_hero_3.o)
                0x000000008000ac08                guitar_hero_3_handshake
 .text.guitar_hero_3_disconnected
                0x000000008000ac70       0x28 /home/clefrancois/prog/wii/devkitpro/libogc/lib/wii/libwiiuse.a(guitar_hero_3.o)
                0x000000008000ac70                guitar_hero_3_disconnected
 .text.guitar_hero_3_event
                0x000000008000ac98       0x68 /home/clefrancois/prog/wii/devkitpro/libogc/lib/wii/libwiiuse.a(guitar_hero_3.o)
                0x000000008000ac98                guitar_hero_3_event
 .text.acl_wlp_completed
                0x000000008000ad00        0x8 /home/clefrancois/prog/wii/devkitpro/libogc/lib/wii/libbte.a(bte.o)
                0x000000008000ad00                acl_wlp_completed
 .text.__bte_cmdfinish
                0x000000008000ad08       0x9c /home/clefrancois/prog/wii/devkitpro/libogc/lib/wii/libbte.a(bte.o)
 .text.bte_hci_initsub_complete
                0x000000008000ada4      0x12c /home/clefrancois/prog/wii/devkitpro/libogc/lib/wii/libbte.a(bte.o)
                0x000000008000ada4                bte_hci_initsub_complete
 .text.bte_hci_initcore_complete2
                0x000000008000aed0       0xf0 /home/clefrancois/prog/wii/devkitpro/libogc/lib/wii/libbte.a(bte.o)
                0x000000008000aed0                bte_hci_initcore_complete2
 .text.bte_hci_patch_complete
                0x000000008000afc0      0x1b0 /home/clefrancois/prog/wii/devkitpro/libogc/lib/wii/libbte.a(bte.o)
                0x000000008000afc0                bte_hci_patch_complete
 .text.bte_hci_apply_patch_complete
                0x000000008000b170       0xa8 /home/clefrancois/prog/wii/devkitpro/libogc/lib/wii/libbte.a(bte.o)
                0x000000008000b170                bte_hci_apply_patch_complete
 .text.bte_hci_initcore_complete
                0x000000008000b218      0x158 /home/clefrancois/prog/wii/devkitpro/libogc/lib/wii/libbte.a(bte.o)
                0x000000008000b218                bte_hci_initcore_complete
 .text.__bte_close_ctrl_queue
                0x000000008000b370       0x80 /home/clefrancois/prog/wii/devkitpro/libogc/lib/wii/libbte.a(bte.o)
 .text.__bte_send_pending_request
                0x000000008000b3f0       0xb8 /home/clefrancois/prog/wii/devkitpro/libogc/lib/wii/libbte.a(bte.o)
 .text.l2cap_disconnect_cfm
                0x000000008000b4a8       0xe0 /home/clefrancois/prog/wii/devkitpro/libogc/lib/wii/libbte.a(bte.o)
                0x000000008000b4a8                l2cap_disconnect_cfm
 .text.acl_conn_complete
                0x000000008000b588       0x2c /home/clefrancois/prog/wii/devkitpro/libogc/lib/wii/libbte.a(bte.o)
                0x000000008000b588                acl_conn_complete
 .text.__bte_shutdown_finished
                0x000000008000b5b4       0x5c /home/clefrancois/prog/wii/devkitpro/libogc/lib/wii/libbte.a(bte.o)
 .text.bt_alarmhandler
                0x000000008000b610       0x60 /home/clefrancois/prog/wii/devkitpro/libogc/lib/wii/libbte.a(bte.o)
 .text.bte_read_stored_link_key_complete
                0x000000008000b670      0x108 /home/clefrancois/prog/wii/devkitpro/libogc/lib/wii/libbte.a(bte.o)
                0x000000008000b670                bte_read_stored_link_key_complete
 .text.l2cap_accepted
                0x000000008000b778       0xd8 /home/clefrancois/prog/wii/devkitpro/libogc/lib/wii/libbte.a(bte.o)
                0x000000008000b778                l2cap_accepted
 .text.l2cap_disconnected_ind
                0x000000008000b850       0xb8 /home/clefrancois/prog/wii/devkitpro/libogc/lib/wii/libbte.a(bte.o)
                0x000000008000b850                l2cap_disconnected_ind
 .text.bte_process_input
                0x000000008000b908       0xf4 /home/clefrancois/prog/wii/devkitpro/libogc/lib/wii/libbte.a(bte.o)
 .text.__bte_waitcmdfinish.constprop.6
                0x000000008000b9fc       0x78 /home/clefrancois/prog/wii/devkitpro/libogc/lib/wii/libbte.a(bte.o)
 .text.BTE_Init
                0x000000008000ba74      0x108 /home/clefrancois/prog/wii/devkitpro/libogc/lib/wii/libbte.a(bte.o)
                0x000000008000ba74                BTE_Init
 .text.BTE_Shutdown
                0x000000008000bb7c       0x94 /home/clefrancois/prog/wii/devkitpro/libogc/lib/wii/libbte.a(bte.o)
                0x000000008000bb7c                BTE_Shutdown
 .text.BTE_InitCore
                0x000000008000bc10       0x7c /home/clefrancois/prog/wii/devkitpro/libogc/lib/wii/libbte.a(bte.o)
                0x000000008000bc10                BTE_InitCore
 .text.BTE_ApplyPatch
                0x000000008000bc8c       0x98 /home/clefrancois/prog/wii/devkitpro/libogc/lib/wii/libbte.a(bte.o)
                0x000000008000bc8c                BTE_ApplyPatch
 .text.BTE_InitSub
                0x000000008000bd24       0x80 /home/clefrancois/prog/wii/devkitpro/libogc/lib/wii/libbte.a(bte.o)
                0x000000008000bd24                BTE_InitSub
 .text.BTE_ReadStoredLinkKey
                0x000000008000bda4       0x80 /home/clefrancois/prog/wii/devkitpro/libogc/lib/wii/libbte.a(bte.o)
                0x000000008000bda4                BTE_ReadStoredLinkKey
 .text.BTE_SetDisconnectCallback
                0x000000008000be24       0x20 /home/clefrancois/prog/wii/devkitpro/libogc/lib/wii/libbte.a(bte.o)
                0x000000008000be24                BTE_SetDisconnectCallback
 .text.bte_new  0x000000008000be44       0x4c /home/clefrancois/prog/wii/devkitpro/libogc/lib/wii/libbte.a(bte.o)
                0x000000008000be44                bte_new
 .text.bte_registerdeviceasync
                0x000000008000be90      0x124 /home/clefrancois/prog/wii/devkitpro/libogc/lib/wii/libbte.a(bte.o)
                0x000000008000be90                bte_registerdeviceasync
 .text.bte_disconnect
                0x000000008000bfb4       0x9c /home/clefrancois/prog/wii/devkitpro/libogc/lib/wii/libbte.a(bte.o)
                0x000000008000bfb4                bte_disconnect
 .text.bte_senddata
                0x000000008000c050       0xb0 /home/clefrancois/prog/wii/devkitpro/libogc/lib/wii/libbte.a(bte.o)
                0x000000008000c050                bte_senddata
 .text.bte_arg  0x000000008000c100       0x3c /home/clefrancois/prog/wii/devkitpro/libogc/lib/wii/libbte.a(bte.o)
                0x000000008000c100                bte_arg
 .text.bte_received
                0x000000008000c13c       0x3c /home/clefrancois/prog/wii/devkitpro/libogc/lib/wii/libbte.a(bte.o)
                0x000000008000c13c                bte_received
 .text.bte_disconnected
                0x000000008000c178       0x3c /home/clefrancois/prog/wii/devkitpro/libogc/lib/wii/libbte.a(bte.o)
                0x000000008000c178                bte_disconnected
 .text.hci_init
                0x000000008000c1b4       0x78 /home/clefrancois/prog/wii/devkitpro/libogc/lib/wii/libbte.a(hci.o)
                0x000000008000c1b4                hci_init
 .text.hci_new  0x000000008000c22c       0x3c /home/clefrancois/prog/wii/devkitpro/libogc/lib/wii/libbte.a(hci.o)
                0x000000008000c22c                hci_new
 .text.hci_get_link
                0x000000008000c268       0x7c /home/clefrancois/prog/wii/devkitpro/libogc/lib/wii/libbte.a(hci.o)
                0x000000008000c268                hci_get_link
 .text.hci_close
                0x000000008000c2e4       0xcc /home/clefrancois/prog/wii/devkitpro/libogc/lib/wii/libbte.a(hci.o)
                0x000000008000c2e4                hci_close
 .text.hci_reset_all
                0x000000008000c3b0       0x9c /home/clefrancois/prog/wii/devkitpro/libogc/lib/wii/libbte.a(hci.o)
                0x000000008000c3b0                hci_reset_all
 .text.hci_arg  0x000000008000c44c        0xc /home/clefrancois/prog/wii/devkitpro/libogc/lib/wii/libbte.a(hci.o)
                0x000000008000c44c                hci_arg
 .text.hci_cmd_complete
                0x000000008000c458        0xc /home/clefrancois/prog/wii/devkitpro/libogc/lib/wii/libbte.a(hci.o)
                0x000000008000c458                hci_cmd_complete
 .text.hci_connection_complete
                0x000000008000c464        0xc /home/clefrancois/prog/wii/devkitpro/libogc/lib/wii/libbte.a(hci.o)
                0x000000008000c464                hci_connection_complete
 .text.hci_wlp_complete
                0x000000008000c470        0xc /home/clefrancois/prog/wii/devkitpro/libogc/lib/wii/libbte.a(hci.o)
                0x000000008000c470                hci_wlp_complete
 .text.hci_cmd_ass
                0x000000008000c47c       0x48 /home/clefrancois/prog/wii/devkitpro/libogc/lib/wii/libbte.a(hci.o)
                0x000000008000c47c                hci_cmd_ass
 .text.hci_reset
                0x000000008000c4c4       0x64 /home/clefrancois/prog/wii/devkitpro/libogc/lib/wii/libbte.a(hci.o)
                0x000000008000c4c4                hci_reset
 .text.hci_read_buffer_size
                0x000000008000c528       0x64 /home/clefrancois/prog/wii/devkitpro/libogc/lib/wii/libbte.a(hci.o)
                0x000000008000c528                hci_read_buffer_size
 .text.hci_read_bd_addr
                0x000000008000c58c       0x64 /home/clefrancois/prog/wii/devkitpro/libogc/lib/wii/libbte.a(hci.o)
                0x000000008000c58c                hci_read_bd_addr
 .text.hci_read_local_version
                0x000000008000c5f0       0x64 /home/clefrancois/prog/wii/devkitpro/libogc/lib/wii/libbte.a(hci.o)
                0x000000008000c5f0                hci_read_local_version
 .text.hci_read_local_features
                0x000000008000c654       0x64 /home/clefrancois/prog/wii/devkitpro/libogc/lib/wii/libbte.a(hci.o)
                0x000000008000c654                hci_read_local_features
 .text.hci_read_stored_link_key
                0x000000008000c6b8       0xac /home/clefrancois/prog/wii/devkitpro/libogc/lib/wii/libbte.a(hci.o)
                0x000000008000c6b8                hci_read_stored_link_key
 .text.hci_write_page_timeout
                0x000000008000c764       0x7c /home/clefrancois/prog/wii/devkitpro/libogc/lib/wii/libbte.a(hci.o)
                0x000000008000c764                hci_write_page_timeout
 .text.hci_write_scan_enable
                0x000000008000c7e0       0x6c /home/clefrancois/prog/wii/devkitpro/libogc/lib/wii/libbte.a(hci.o)
                0x000000008000c7e0                hci_write_scan_enable
 .text.hci_accecpt_conn_request
                0x000000008000c84c       0x80 /home/clefrancois/prog/wii/devkitpro/libogc/lib/wii/libbte.a(hci.o)
                0x000000008000c84c                hci_accecpt_conn_request
 .text.hci_write_local_name
                0x000000008000c8cc       0x80 /home/clefrancois/prog/wii/devkitpro/libogc/lib/wii/libbte.a(hci.o)
                0x000000008000c8cc                hci_write_local_name
 .text.hci_write_pin_type
                0x000000008000c94c       0x6c /home/clefrancois/prog/wii/devkitpro/libogc/lib/wii/libbte.a(hci.o)
                0x000000008000c94c                hci_write_pin_type
 .text.hci_write_inquiry_mode
                0x000000008000c9b8       0x6c /home/clefrancois/prog/wii/devkitpro/libogc/lib/wii/libbte.a(hci.o)
                0x000000008000c9b8                hci_write_inquiry_mode
 .text.hci_write_page_scan_type
                0x000000008000ca24       0x6c /home/clefrancois/prog/wii/devkitpro/libogc/lib/wii/libbte.a(hci.o)
                0x000000008000ca24                hci_write_page_scan_type
 .text.hci_write_inquiry_scan_type
                0x000000008000ca90       0x6c /home/clefrancois/prog/wii/devkitpro/libogc/lib/wii/libbte.a(hci.o)
                0x000000008000ca90                hci_write_inquiry_scan_type
 .text.hci_vendor_specific_command
                0x000000008000cafc       0x8c /home/clefrancois/prog/wii/devkitpro/libogc/lib/wii/libbte.a(hci.o)
                0x000000008000cafc                hci_vendor_specific_command
 .text.hci_write_link_policy_settings
                0x000000008000cb88       0xa0 /home/clefrancois/prog/wii/devkitpro/libogc/lib/wii/libbte.a(hci.o)
                0x000000008000cb88                hci_write_link_policy_settings
 .text.hci_pin_code_request_neg_reply
                0x000000008000cc28       0x74 /home/clefrancois/prog/wii/devkitpro/libogc/lib/wii/libbte.a(hci.o)
                0x000000008000cc28                hci_pin_code_request_neg_reply
 .text.hci_disconnect
                0x000000008000cc9c       0x98 /home/clefrancois/prog/wii/devkitpro/libogc/lib/wii/libbte.a(hci.o)
                0x000000008000cc9c                hci_disconnect
 .text.hci_write_cod
                0x000000008000cd34       0x78 /home/clefrancois/prog/wii/devkitpro/libogc/lib/wii/libbte.a(hci.o)
                0x000000008000cd34                hci_write_cod
 .text.hci_host_buffer_size
                0x000000008000cdac       0xb4 /home/clefrancois/prog/wii/devkitpro/libogc/lib/wii/libbte.a(hci.o)
                0x000000008000cdac                hci_host_buffer_size
 .text.hci_host_num_comp_packets
                0x000000008000ce60       0xac /home/clefrancois/prog/wii/devkitpro/libogc/lib/wii/libbte.a(hci.o)
                0x000000008000ce60                hci_host_num_comp_packets
 .text.lp_pdu_maxsize
                0x000000008000cf0c        0xc /home/clefrancois/prog/wii/devkitpro/libogc/lib/wii/libbte.a(hci.o)
                0x000000008000cf0c                lp_pdu_maxsize
 .text.lp_acl_write
                0x000000008000cf18      0x114 /home/clefrancois/prog/wii/devkitpro/libogc/lib/wii/libbte.a(hci.o)
                0x000000008000cf18                lp_acl_write
 .text.lp_write_flush_timeout
                0x000000008000d02c       0xa0 /home/clefrancois/prog/wii/devkitpro/libogc/lib/wii/libbte.a(hci.o)
                0x000000008000d02c                lp_write_flush_timeout
 .text.hci_event_handler
                0x000000008000d0cc      0xa6c /home/clefrancois/prog/wii/devkitpro/libogc/lib/wii/libbte.a(hci.o)
                0x000000008000d0cc                hci_event_handler
 .text.hci_acldata_handler
                0x000000008000db38       0xdc /home/clefrancois/prog/wii/devkitpro/libogc/lib/wii/libbte.a(hci.o)
                0x000000008000db38                hci_acldata_handler
 .text.l2cap_cid_alloc
                0x000000008000dc14       0x4c /home/clefrancois/prog/wii/devkitpro/libogc/lib/wii/libbte.a(l2cap.o)
 .text.l2cap_init
                0x000000008000dc60       0x60 /home/clefrancois/prog/wii/devkitpro/libogc/lib/wii/libbte.a(l2cap.o)
                0x000000008000dc60                l2cap_init
 .text.l2cap_write
                0x000000008000dcc0       0xe0 /home/clefrancois/prog/wii/devkitpro/libogc/lib/wii/libbte.a(l2cap.o)
                0x000000008000dcc0                l2cap_write
 .text.l2cap_new
                0x000000008000dda0       0x6c /home/clefrancois/prog/wii/devkitpro/libogc/lib/wii/libbte.a(l2cap.o)
                0x000000008000dda0                l2cap_new
 .text.l2cap_close
                0x000000008000de0c      0x15c /home/clefrancois/prog/wii/devkitpro/libogc/lib/wii/libbte.a(l2cap.o)
                0x000000008000de0c                l2cap_close
 .text.l2cap_reset_all
                0x000000008000df68      0x104 /home/clefrancois/prog/wii/devkitpro/libogc/lib/wii/libbte.a(l2cap.o)
                0x000000008000df68                l2cap_reset_all
 .text.l2cap_rexmit_signal
                0x000000008000e06c       0x10 /home/clefrancois/prog/wii/devkitpro/libogc/lib/wii/libbte.a(l2cap.o)
                0x000000008000e06c                l2cap_rexmit_signal
 .text.l2ca_datawrite
                0x000000008000e07c       0xe8 /home/clefrancois/prog/wii/devkitpro/libogc/lib/wii/libbte.a(l2cap.o)
                0x000000008000e07c                l2ca_datawrite
 .text.lp_connect_ind
                0x000000008000e164        0x4 /home/clefrancois/prog/wii/devkitpro/libogc/lib/wii/libbte.a(l2cap.o)
                0x000000008000e164                lp_connect_ind
 .text.lp_disconnect_ind
                0x000000008000e168       0xe4 /home/clefrancois/prog/wii/devkitpro/libogc/lib/wii/libbte.a(l2cap.o)
                0x000000008000e168                lp_disconnect_ind
 .text.l2cap_disconnect_bb
                0x000000008000e24c       0x10 /home/clefrancois/prog/wii/devkitpro/libogc/lib/wii/libbte.a(l2cap.o)
                0x000000008000e24c                l2cap_disconnect_bb
 .text.l2cap_next_sigid
                0x000000008000e25c       0x28 /home/clefrancois/prog/wii/devkitpro/libogc/lib/wii/libbte.a(l2cap.o)
                0x000000008000e25c                l2cap_next_sigid
 .text.l2cap_signal
                0x000000008000e284      0x184 /home/clefrancois/prog/wii/devkitpro/libogc/lib/wii/libbte.a(l2cap.o)
                0x000000008000e284                l2cap_signal
 .text.lp_connect_cfm
                0x000000008000e408      0x130 /home/clefrancois/prog/wii/devkitpro/libogc/lib/wii/libbte.a(l2cap.o)
                0x000000008000e408                lp_connect_cfm
 .text.l2ca_disconnect_req
                0x000000008000e538       0xac /home/clefrancois/prog/wii/devkitpro/libogc/lib/wii/libbte.a(l2cap.o)
                0x000000008000e538                l2ca_disconnect_req
 .text.l2cap_tmr
                0x000000008000e5e4      0x1e8 /home/clefrancois/prog/wii/devkitpro/libogc/lib/wii/libbte.a(l2cap.o)
                0x000000008000e5e4                l2cap_tmr
 .text.l2ca_config_req
                0x000000008000e7cc      0x108 /home/clefrancois/prog/wii/devkitpro/libogc/lib/wii/libbte.a(l2cap.o)
                0x000000008000e7cc                l2ca_config_req
 .text.l2cap_process_sig
                0x000000008000e8d4     0x1078 /home/clefrancois/prog/wii/devkitpro/libogc/lib/wii/libbte.a(l2cap.o)
                0x000000008000e8d4                l2cap_process_sig
 .text.l2cap_input
                0x000000008000f94c      0x4e8 /home/clefrancois/prog/wii/devkitpro/libogc/lib/wii/libbte.a(l2cap.o)
                0x000000008000f94c                l2cap_input
 .text.l2cap_arg
                0x000000008000fe34        0x8 /home/clefrancois/prog/wii/devkitpro/libogc/lib/wii/libbte.a(l2cap.o)
                0x000000008000fe34                l2cap_arg
 .text.l2cap_connect_ind
                0x000000008000fe3c       0xd8 /home/clefrancois/prog/wii/devkitpro/libogc/lib/wii/libbte.a(l2cap.o)
                0x000000008000fe3c                l2cap_connect_ind
 .text.l2cap_disconnect_ind
                0x000000008000ff14        0x8 /home/clefrancois/prog/wii/devkitpro/libogc/lib/wii/libbte.a(l2cap.o)
                0x000000008000ff14                l2cap_disconnect_ind
 .text.l2cap_recv
                0x000000008000ff1c        0x8 /home/clefrancois/prog/wii/devkitpro/libogc/lib/wii/libbte.a(l2cap.o)
                0x000000008000ff1c                l2cap_recv
 .text.btmemb_init
                0x000000008000ff24       0x40 /home/clefrancois/prog/wii/devkitpro/libogc/lib/wii/libbte.a(btmemb.o)
                0x000000008000ff24                btmemb_init
 .text.btmemb_alloc
                0x000000008000ff64       0x9c /home/clefrancois/prog/wii/devkitpro/libogc/lib/wii/libbte.a(btmemb.o)
                0x000000008000ff64                btmemb_alloc
 .text.btmemb_free
                0x0000000080010000       0xa4 /home/clefrancois/prog/wii/devkitpro/libogc/lib/wii/libbte.a(btmemb.o)
                0x0000000080010000                btmemb_free
 .text.plug_holes
                0x00000000800100a4       0xb8 /home/clefrancois/prog/wii/devkitpro/libogc/lib/wii/libbte.a(btmemr.o)
 .text.btmemr_init
                0x000000008001015c       0x8c /home/clefrancois/prog/wii/devkitpro/libogc/lib/wii/libbte.a(btmemr.o)
                0x000000008001015c                btmemr_init
 .text.btmemr_malloc
                0x00000000800101e8      0x164 /home/clefrancois/prog/wii/devkitpro/libogc/lib/wii/libbte.a(btmemr.o)
                0x00000000800101e8                btmemr_malloc
 .text.btmemr_free
                0x000000008001034c       0x94 /home/clefrancois/prog/wii/devkitpro/libogc/lib/wii/libbte.a(btmemr.o)
                0x000000008001034c                btmemr_free
 .text.btmemr_realloc
                0x00000000800103e0       0xf0 /home/clefrancois/prog/wii/devkitpro/libogc/lib/wii/libbte.a(btmemr.o)
                0x00000000800103e0                btmemr_realloc
 .text.btpbuf_init
                0x00000000800104d0       0x2c /home/clefrancois/prog/wii/devkitpro/libogc/lib/wii/libbte.a(btpbuf.o)
                0x00000000800104d0                btpbuf_init
 .text.btpbuf_free
                0x00000000800104fc       0xc4 /home/clefrancois/prog/wii/devkitpro/libogc/lib/wii/libbte.a(btpbuf.o)
                0x00000000800104fc                btpbuf_free
 .text.btpbuf_alloc
                0x00000000800105c0      0x1d0 /home/clefrancois/prog/wii/devkitpro/libogc/lib/wii/libbte.a(btpbuf.o)
                0x00000000800105c0                btpbuf_alloc
 .text.btpbuf_realloc
                0x0000000080010790       0xa4 /home/clefrancois/prog/wii/devkitpro/libogc/lib/wii/libbte.a(btpbuf.o)
                0x0000000080010790                btpbuf_realloc
 .text.btpbuf_header
                0x0000000080010834       0x98 /home/clefrancois/prog/wii/devkitpro/libogc/lib/wii/libbte.a(btpbuf.o)
                0x0000000080010834                btpbuf_header
 .text.btpbuf_ref
                0x00000000800108cc       0x4c /home/clefrancois/prog/wii/devkitpro/libogc/lib/wii/libbte.a(btpbuf.o)
                0x00000000800108cc                btpbuf_ref
 .text.btpbuf_cat
                0x0000000080010918       0x48 /home/clefrancois/prog/wii/devkitpro/libogc/lib/wii/libbte.a(btpbuf.o)
                0x0000000080010918                btpbuf_cat
 .text.btpbuf_chain
                0x0000000080010960       0x34 /home/clefrancois/prog/wii/devkitpro/libogc/lib/wii/libbte.a(btpbuf.o)
                0x0000000080010960                btpbuf_chain
 .text.btpbuf_dechain
                0x0000000080010994       0x60 /home/clefrancois/prog/wii/devkitpro/libogc/lib/wii/libbte.a(btpbuf.o)
                0x0000000080010994                btpbuf_dechain
 .text.btpbuf_take
                0x00000000800109f4       0xe8 /home/clefrancois/prog/wii/devkitpro/libogc/lib/wii/libbte.a(btpbuf.o)
                0x00000000800109f4                btpbuf_take
 .text.__usb_closeCB
                0x0000000080010adc       0x10 /home/clefrancois/prog/wii/devkitpro/libogc/lib/wii/libbte.a(physbusif.o)
 .text.__writebulkmsgCB
                0x0000000080010aec       0x34 /home/clefrancois/prog/wii/devkitpro/libogc/lib/wii/libbte.a(physbusif.o)
 .text.__writectrlmsgCB
                0x0000000080010b20       0x34 /home/clefrancois/prog/wii/devkitpro/libogc/lib/wii/libbte.a(physbusif.o)
 .text.__initUsbIOBuffer
                0x0000000080010b54       0x78 /home/clefrancois/prog/wii/devkitpro/libogc/lib/wii/libbte.a(physbusif.o)
 .text.__issue_intrread.part.0
                0x0000000080010bcc       0x7c /home/clefrancois/prog/wii/devkitpro/libogc/lib/wii/libbte.a(physbusif.o)
 .text.__readintrdataCB
                0x0000000080010c48       0xf0 /home/clefrancois/prog/wii/devkitpro/libogc/lib/wii/libbte.a(physbusif.o)
 .text.__issue_bulkread.part.2
                0x0000000080010d38       0x7c /home/clefrancois/prog/wii/devkitpro/libogc/lib/wii/libbte.a(physbusif.o)
 .text.__readbulkdataCB
                0x0000000080010db4       0xf0 /home/clefrancois/prog/wii/devkitpro/libogc/lib/wii/libbte.a(physbusif.o)
 .text.physbusif_init
                0x0000000080010ea4      0x15c /home/clefrancois/prog/wii/devkitpro/libogc/lib/wii/libbte.a(physbusif.o)
                0x0000000080010ea4                physbusif_init
 .text.physbusif_close
                0x0000000080011000       0x28 /home/clefrancois/prog/wii/devkitpro/libogc/lib/wii/libbte.a(physbusif.o)
                0x0000000080011000                physbusif_close
 .text.physbusif_shutdown